Godot Engine v4.7.2.stable.official.ed1daf0bf - https://godotengine.org

PROGRESS {"capacitor":0,"city":0,"context":"hall","core":180,"crystals":12,"day":1,"food":0,"goal":"","ground":0,"grounded":false,"herbs":0,"hp":100,"night":false,"roles":{"wanderer":8},"scrap":0,"sealed":0,"seconds":0.0,"shield":0,"stone":0,"sword":0,"walls":{},"wood":0,"x":30.0,"y":430.0}
PROGRESS {"capacitor":0,"city":1,"context":"mark","core":180,"crystals":0,"day":1,"food":0,"goal":"cache","ground":6,"grounded":true,"herbs":0,"hp":100,"night":false,"roles":{"citizen":3,"engineer":2,"wanderer":3},"scrap":12,"sealed":0,"seconds":60.0,"shield":0,"stone":0,"sword":0,"walls":{"wall":{"hp":40,"level":1}},"wood":0,"x":-2396.0,"y":430.0}
PROGRESS {"capacitor":0,"city":1,"context":"hunt_tools","core":180,"crystals":0,"day":1,"food":0,"goal":"","ground":0,"grounded":true,"herbs":0,"hp":100,"night":false,"roles":{"citizen":3,"engineer":2,"farmer":1,"wanderer":2},"scrap":16,"sealed":0,"seconds":120.0,"shield":0,"stone":0,"sword":0,"walls":{"wall":{"hp":40,"level":1},"wall_left":{"hp":40,"level":1}},"wood":8,"x":-546.0,"y":430.0}
CHECKPOINT_RESUMED 1 at 120.016666666661
PROGRESS {"capacitor":0,"city":1,"context":"mark","core":180,"crystals":0,"day":1,"food":2,"goal":"","ground":0,"grounded":true,"herbs":0,"hp":100,"night":true,"roles":{"citizen":3,"engineer":2,"farmer":1,"hunter":1,"wanderer":1},"scrap":16,"sealed":0,"seconds":180.0,"shield":0,"stone":0,"sword":0,"walls":{"wall":{"hp":40,"level":1},"wall_left":{"hp":40,"level":1}},"wood":12,"x":-1807.0,"y":430.0}
PROGRESS {"capacitor":0,"city":1,"context":"recruit","core":180,"crystals":1,"day":2,"food":2,"goal":"","ground":0,"grounded":true,"herbs":0,"hp":100,"night":false,"roles":{"citizen":3,"engineer":2,"farmer":1,"hunter":1,"wanderer":7},"scrap":20,"sealed":0,"seconds":240.0,"shield":0,"stone":0,"sword":0,"walls":{"wall":{"hp":0,"level":1},"wall_left":{"hp":40,"level":1}},"wood":12,"x":-2345.0,"y":430.0}
CHECKPOINT_RESUMED 2 at 240.000000000083
PROGRESS {"capacitor":0,"city":1,"context":"mark","core":180,"crystals":0,"day":2,"food":6,"goal":"","ground":0,"grounded":true,"herbs":0,"hp":100,"night":false,"roles":{"citizen":3,"engineer":2,"farmer":1,"hunter":1,"wanderer":7},"scrap":20,"sealed":0,"seconds":300.0,"shield":0,"stone":0,"sword":0,"walls":{"wall":{"hp":0,"level":1},"wall_left":{"hp":40,"level":1}},"wood":12,"x":-1604.0,"y":430.0}
PROGRESS {"capacitor":0,"city":1,"context":"wall","core":180,"crystals":2,"day":2,"food":7,"goal":"","ground":0,"grounded":true,"herbs":3,"hp":100,"night":false,"roles":{"citizen":2,"engineer":2,"farmer":1,"hunter":2,"wanderer":7},"scrap":22,"sealed":0,"seconds":360.0,"shield":0,"stone":0,"sword":0,"walls":{"wall":{"hp":0,"level":1},"wall_left":{"hp":40,"level":1}},"wood":18,"x":1097.0,"y":430.0}
CHECKPOINT_RESUMED 3 at 360.000000000001
PROGRESS {"capacitor":0,"city":1,"context":"armory","core":180,"crystals":0,"day":2,"food":9,"goal":"","ground":0,"grounded":true,"herbs":3,"hp":100,"night":true,"roles":{"engineer":2,"farmer":1,"guard":2,"hunter":2,"wanderer":7},"scrap":22,"sealed":0,"seconds":420.0,"shield":0,"stone":0,"sword":0,"walls":{"wall":{"hp":40,"level":1},"wall_left":{"hp":40,"level":1}},"wood":18,"x":723.0,"y":430.0}
PROGRESS {"capacitor":1,"city":1,"context":"recruit","core":180,"crystals":1,"day":3,"food":1,"goal":"berries","ground":0,"grounded":true,"herbs":3,"hp":100,"night":false,"roles":{"engineer":2,"farmer":1,"guard":2,"hunter":2,"wanderer":12},"scrap":28,"sealed":0,"seconds":480.0,"shield":20,"stone":0,"sword":0,"walls":{"wall":{"hp":40,"level":1},"wall_left":{"hp":0,"level":1}},"wood":18,"x":1837.0,"y":430.0}
CHECKPOINT_RESUMED 4 at 480.016666666559
PROGRESS {"capacitor":1,"city":1,"context":"mark","core":180,"crystals":0,"day":3,"food":17,"goal":"","ground":0,"grounded":true,"herbs":3,"hp":100,"night":false,"roles":{"engineer":2,"farmer":1,"guard":2,"hunter":2,"wanderer":12},"scrap":28,"sealed":0,"seconds":540.0,"shield":20,"stone":0,"sword":0,"walls":{"wall":{"hp":40,"level":1},"wall_left":{"hp":40,"level":1}},"wood":18,"x":-1595.0,"y":430.0}
PROGRESS {"capacitor":1,"city":1,"context":"outpost","core":180,"crystals":11,"day":3,"food":1,"goal":"outpost","ground":4,"grounded":true,"herbs":9,"hp":100,"night":false,"roles":{"engineer":2,"farmer":1,"guard":2,"hunter":2,"wanderer":12},"scrap":28,"sealed":0,"seconds":600.0,"shield":20,"stone":0,"sword":0,"walls":{"wall":{"hp":40,"level":1},"wall_left":{"hp":40,"level":1}},"wood":22,"x":-1595.0,"y":430.0}
CHECKPOINT_RESUMED 5 at 600.01666666645
PROGRESS {"capacitor":1,"city":1,"context":"recruit","core":180,"crystals":12,"day":3,"food":7,"goal":"","ground":1,"grounded":true,"herbs":9,"hp":100,"night":true,"roles":{"citizen":1,"engineer":2,"farmer":1,"guard":2,"hunter":2,"wanderer":11},"scrap":28,"sealed":0,"seconds":660.0,"shield":20,"stone":0,"sword":1,"walls":{"wall":{"hp":40,"level":1},"wall_left":{"hp":40,"level":1}},"wood":22,"x":1837.0,"y":430.0}
PROGRESS {"capacitor":1,"city":1,"context":"wall_left","core":180,"crystals":12,"day":4,"food":7,"goal":"","ground":4,"grounded":true,"herbs":9,"hp":100,"night":false,"roles":{"citizen":1,"engineer":2,"farmer":1,"guard":2,"hunter":2,"wanderer":12},"scrap":38,"sealed":0,"seconds":720.0,"shield":20,"stone":0,"sword":1,"walls":{"wall":{"hp":40,"level":1},"wall_left":{"hp":0,"level":1}},"wood":22,"x":-1107.0,"y":430.0}
CHECKPOINT_RESUMED 6 at 720.01666666634
PROGRESS {"capacitor":1,"city":1,"context":"wall_left","core":180,"crystals":12,"day":4,"food":23,"goal":"","ground":4,"grounded":true,"herbs":9,"hp":100,"night":false,"roles":{"citizen":1,"engineer":2,"farmer":1,"guard":2,"hunter":2,"wanderer":12},"scrap":38,"sealed":0,"seconds":780.0,"shield":20,"stone":0,"sword":1,"walls":{"wall":{"hp":40,"level":1},"wall_left":{"hp":40,"level":1}},"wood":22,"x":-1107.0,"y":430.0}
PROGRESS {"capacitor":1,"city":1,"context":"wall_left","core":180,"crystals":12,"day":4,"food":33,"goal":"","ground":4,"grounded":true,"herbs":9,"hp":100,"night":false,"roles":{"citizen":1,"engineer":2,"farmer":1,"guard":2,"hunter":2,"wanderer":12},"scrap":38,"sealed":0,"seconds":840.0,"shield":20,"stone":0,"sword":1,"walls":{"wall":{"hp":40,"level":1},"wall_left":{"hp":40,"level":1}},"wood":22,"x":-1107.0,"y":430.0}
CHECKPOINT_RESUMED 7 at 840.016666666231
PROGRESS {"capacitor":1,"city":1,"context":"wall_left","core":180,"crystals":12,"day":4,"food":39,"goal":"","ground":4,"grounded":true,"herbs":9,"hp":100,"night":true,"roles":{"citizen":1,"engineer":2,"farmer":1,"guard":2,"hunter":2,"wanderer":12},"scrap":38,"sealed":0,"seconds":900.0,"shield":20,"stone":0,"sword":1,"walls":{"wall":{"hp":40,"level":1},"wall_left":{"hp":40,"level":1}},"wood":22,"x":-1073.0,"y":430.0}
PROGRESS {"capacitor":1,"city":1,"context":"","core":180,"crystals":12,"day":5,"food":39,"goal":"","ground":5,"grounded":true,"herbs":9,"hp":100,"night":false,"roles":{"citizen":1,"engineer":2,"farmer":1,"guard":1,"hunter":2,"wanderer":13},"scrap":50,"sealed":0,"seconds":960.0,"shield":20,"stone":0,"sword":1,"walls":{"wall":{"hp":0,"level":1},"wall_left":{"hp":40,"level":1}},"wood":22,"x":1369.0,"y":430.0}
CHECKPOINT_RESUMED 8 at 960.016666666122
PROGRESS {"capacitor":1,"city":1,"context":"","core":180,"crystals":12,"day":5,"food":57,"goal":"","ground":11,"grounded":true,"herbs":9,"hp":100,"night":false,"roles":{"engineer":2,"farmer":1,"guard":2,"hunter":2,"wanderer":13},"scrap":50,"sealed":0,"seconds":1020.0,"shield":20,"stone":0,"sword":1,"walls":{"wall":{"hp":40,"level":1},"wall_left":{"hp":40,"level":1}},"wood":22,"x":1369.0,"y":430.0}
PROGRESS {"capacitor":1,"city":2,"context":"rift","core":180,"crystals":8,"day":5,"food":7,"goal":"rift","ground":32,"grounded":true,"herbs":9,"hp":100,"night":false,"roles":{"engineer":2,"farmer":1,"guard":2,"hunter":2,"wanderer":13},"scrap":50,"sealed":0,"seconds":1080.0,"shield":20,"stone":3,"sword":1,"walls":{"wall":{"hp":40,"level":1},"wall_left":{"hp":40,"level":1}},"wood":14,"x":-2877.0,"y":430.0}
CHECKPOINT_RESUMED 9 at 1080.01666666601
PROGRESS {"capacitor":1,"city":2,"context":"","core":180,"crystals":12,"day":5,"food":13,"goal":"","ground":30,"grounded":true,"herbs":9,"hp":100,"night":true,"roles":{"engineer":2,"farmer":1,"guard":2,"hunter":2,"wanderer":13},"scrap":54,"sealed":1,"seconds":1140.0,"shield":20,"stone":3,"sword":1,"walls":{"wall":{"hp":40,"level":1},"wall_left":{"hp":40,"level":1}},"wood":14,"x":171.0,"y":430.0}
PROGRESS {"capacitor":1,"city":2,"context":"rift","core":180,"crystals":8,"day":6,"food":13,"goal":"rift","ground":33,"grounded":true,"herbs":9,"hp":100,"night":false,"roles":{"engineer":2,"farmer":1,"guard":2,"hunter":2,"wanderer":13},"scrap":62,"sealed":1,"seconds":1200.0,"shield":20,"stone":3,"sword":1,"walls":{"wall":{"hp":40,"level":1},"wall_left":{"hp":40,"level":1}},"wood":14,"x":3377.0,"y":430.0}
CHECKPOINT_RESUMED 10 at 1200.0166666659
RESULT {"capacitor":1,"city":2,"context":"","core":180,"crystals":10,"day":6,"food":29,"ground":33,"grounded":true,"herbs":9,"hp":100,"night":false,"roles":{"engineer":2,"farmer":1,"guard":2,"hunter":2,"wanderer":13},"scrap":66,"sealed":2,"seconds":1234.4,"shield":20,"stone":3,"sword":1,"walls":{"wall":{"hp":40,"level":1},"wall_left":{"hp":40,"level":1}},"wood":14,"x":3383.0,"y":430.0} outcome=victory
