Godot Engine v4.7.2.stable.official.ed1daf0bf - https://godotengine.org

PROGRESS {"capacitor":0,"city":0,"context":"hall","core":180,"crystals":12,"day":1,"food":0,"goal":"","ground":0,"grounded":false,"herbs":0,"hp":100,"night":false,"roles":{"wanderer":8},"scrap":0,"sealed":0,"seconds":0.0,"shield":0,"stone":0,"sword":0,"walls":{},"wood":0,"x":30.0,"y":430.0}
PROGRESS {"capacitor":0,"city":1,"context":"","core":180,"crystals":1,"day":1,"food":0,"goal":"explore","ground":0,"grounded":true,"herbs":0,"hp":100,"night":false,"roles":{"citizen":4,"engineer":1,"wanderer":3},"scrap":8,"sealed":0,"seconds":60.0,"shield":0,"stone":0,"sword":0,"walls":{"wall":{"hp":40,"level":1}},"wood":0,"x":1686.0,"y":430.0}
PROGRESS {"capacitor":1,"city":1,"context":"trade","core":180,"crystals":2,"day":1,"food":0,"goal":"workshop","ground":0,"grounded":true,"herbs":0,"hp":100,"night":false,"roles":{"citizen":5,"engineer":1,"wanderer":2},"scrap":14,"sealed":0,"seconds":120.0,"shield":20,"stone":0,"sword":0,"walls":{"wall":{"hp":40,"level":1}},"wood":4,"x":-736.0,"y":430.0}
CHECKPOINT_RESUMED 1 at 120.016666666661
PROGRESS {"capacitor":1,"city":1,"context":"","core":180,"crystals":2,"day":1,"food":0,"goal":"","ground":0,"grounded":true,"herbs":0,"hp":100,"night":true,"roles":{"citizen":4,"engineer":2,"wanderer":2},"scrap":14,"sealed":0,"seconds":180.0,"shield":20,"stone":0,"sword":0,"walls":{"wall":{"hp":40,"level":1}},"wood":8,"x":112.0,"y":430.0}
PROGRESS {"capacitor":1,"city":1,"context":"hunt_tools","core":180,"crystals":2,"day":2,"food":0,"goal":"","ground":0,"grounded":true,"herbs":0,"hp":100,"night":false,"roles":{"citizen":4,"engineer":2,"wanderer":8},"scrap":20,"sealed":0,"seconds":240.0,"shield":20,"stone":0,"sword":0,"walls":{"wall":{"hp":40,"level":1}},"wood":8,"x":-547.0,"y":430.0}
CHECKPOINT_RESUMED 2 at 240.000000000083
PROGRESS {"capacitor":1,"city":1,"context":"farm_tools","core":180,"crystals":2,"day":2,"food":6,"goal":"collect","ground":6,"grounded":true,"herbs":0,"hp":100,"night":false,"roles":{"citizen":3,"engineer":2,"hunter":1,"wanderer":8},"scrap":20,"sealed":0,"seconds":300.0,"shield":20,"stone":6,"sword":0,"walls":{"wall":{"hp":40,"level":1},"wall_left":{"hp":40,"level":1}},"wood":8,"x":-107.0,"y":430.0}
PROGRESS {"capacitor":1,"city":2,"context":"","core":180,"crystals":1,"day":2,"food":4,"goal":"collect","ground":6,"grounded":true,"herbs":0,"hp":100,"night":false,"roles":{"citizen":3,"engineer":2,"hunter":1,"wanderer":8},"scrap":20,"sealed":0,"seconds":360.0,"shield":20,"stone":3,"sword":0,"walls":{"wall":{"hp":40,"level":1},"wall_left":{"hp":40,"level":1}},"wood":0,"x":618.0,"y":430.0}
CHECKPOINT_RESUMED 3 at 360.000000000001
PROGRESS {"capacitor":2,"city":2,"context":"drill","core":180,"crystals":2,"day":2,"food":2,"goal":"","ground":0,"grounded":true,"herbs":3,"hp":100,"night":true,"roles":{"citizen":3,"engineer":2,"hunter":1,"wanderer":8},"scrap":17,"sealed":0,"seconds":420.0,"shield":40,"stone":3,"sword":1,"walls":{"wall":{"hp":40,"level":1},"wall_left":{"hp":40,"level":1}},"wood":0,"x":1242.0,"y":430.0}
PROGRESS {"capacitor":2,"city":2,"context":"farm_tools","core":180,"crystals":2,"day":3,"food":2,"goal":"herbs","ground":0,"grounded":true,"herbs":3,"hp":100,"night":false,"roles":{"citizen":3,"engineer":2,"hunter":1,"wanderer":12},"scrap":25,"sealed":0,"seconds":480.0,"shield":40,"stone":3,"sword":1,"walls":{"wall":{"hp":40,"level":1},"wall_left":{"hp":0,"level":1}},"wood":0,"x":-167.0,"y":430.0}
CHECKPOINT_RESUMED 4 at 480.016666666559
PROGRESS {"capacitor":2,"city":2,"context":"rift","core":180,"crystals":3,"day":3,"food":2,"goal":"rift","ground":0,"grounded":true,"herbs":3,"hp":100,"night":false,"roles":{"citizen":2,"engineer":2,"farmer":1,"hunter":1,"wanderer":12},"scrap":29,"sealed":0,"seconds":540.0,"shield":40,"stone":3,"sword":1,"walls":{"wall":{"hp":40,"level":1},"wall_left":{"hp":40,"level":1}},"wood":0,"x":-3083.0,"y":430.0}
PROGRESS {"capacitor":2,"city":2,"context":"rift","core":180,"crystals":3,"day":3,"food":2,"goal":"","ground":0,"grounded":true,"herbs":6,"hp":100,"night":false,"roles":{"citizen":2,"engineer":2,"farmer":1,"hunter":1,"wanderer":12},"scrap":29,"sealed":1,"seconds":600.0,"shield":40,"stone":3,"sword":1,"walls":{"wall":{"hp":40,"level":1},"wall_left":{"hp":40,"level":1}},"wood":0,"x":-3083.0,"y":430.0}
CHECKPOINT_RESUMED 5 at 600.01666666645
PROGRESS {"capacitor":2,"city":2,"context":"armory","core":180,"crystals":3,"day":3,"food":4,"goal":"","ground":0,"grounded":true,"herbs":6,"hp":100,"night":true,"roles":{"citizen":1,"engineer":2,"farmer":1,"guard":1,"hunter":1,"wanderer":12},"scrap":29,"sealed":1,"seconds":660.0,"shield":40,"stone":3,"sword":1,"walls":{"wall":{"hp":40,"level":1},"wall_left":{"hp":40,"level":1}},"wood":0,"x":733.0,"y":430.0}
PROGRESS {"capacitor":2,"city":2,"context":"drill","core":180,"crystals":3,"day":4,"food":0,"goal":"berries","ground":0,"grounded":true,"herbs":6,"hp":100,"night":false,"roles":{"citizen":1,"engineer":2,"farmer":1,"guard":1,"hunter":1,"wanderer":12},"scrap":35,"sealed":1,"seconds":720.0,"shield":40,"stone":3,"sword":2,"walls":{"wall":{"hp":40,"level":1},"wall_left":{"hp":40,"level":1}},"wood":0,"x":1255.0,"y":430.0}
CHECKPOINT_RESUMED 6 at 720.01666666634
PROGRESS {"capacitor":2,"city":2,"context":"outpost","core":180,"crystals":3,"day":4,"food":0,"goal":"","ground":0,"grounded":true,"herbs":6,"hp":100,"night":false,"roles":{"engineer":2,"farmer":1,"guard":2,"hunter":1,"wanderer":12},"scrap":35,"sealed":1,"seconds":780.0,"shield":40,"stone":3,"sword":2,"walls":{"wall":{"hp":40,"level":1},"wall_left":{"hp":40,"level":1}},"wood":0,"x":-2715.0,"y":430.0}
PROGRESS {"capacitor":2,"city":2,"context":"recruit","core":180,"crystals":2,"day":4,"food":0,"goal":"","ground":0,"grounded":true,"herbs":9,"hp":100,"night":false,"roles":{"engineer":2,"farmer":1,"guard":2,"hunter":1,"wanderer":12},"scrap":35,"sealed":1,"seconds":840.0,"shield":40,"stone":3,"sword":2,"walls":{"wall":{"hp":40,"level":1},"wall_left":{"hp":40,"level":1}},"wood":4,"x":1854.0,"y":430.0}
CHECKPOINT_RESUMED 7 at 840.016666666231
PROGRESS {"capacitor":2,"city":2,"context":"recruit","core":180,"crystals":2,"day":4,"food":0,"goal":"","ground":0,"grounded":true,"herbs":9,"hp":100,"night":true,"roles":{"engineer":2,"farmer":1,"guard":2,"hunter":1,"wanderer":12},"scrap":35,"sealed":1,"seconds":900.0,"shield":40,"stone":3,"sword":2,"walls":{"wall":{"hp":40,"level":1},"wall_left":{"hp":40,"level":1}},"wood":4,"x":1819.0,"y":430.0}
PROGRESS {"capacitor":2,"city":2,"context":"rift","core":180,"crystals":1,"day":5,"food":0,"goal":"rift","ground":0,"grounded":true,"herbs":9,"hp":100,"night":false,"roles":{"engineer":2,"farmer":1,"guard":2,"hunter":1,"wanderer":12},"scrap":41,"sealed":1,"seconds":960.0,"shield":40,"stone":3,"sword":2,"walls":{"wall":{"hp":40,"level":1},"wall_left":{"hp":40,"level":1}},"wood":4,"x":3475.0,"y":430.0}
CHECKPOINT_RESUMED 8 at 960.016666666122
RESULT {"capacitor":2,"city":2,"context":"","core":180,"crystals":3,"day":5,"food":8,"ground":0,"grounded":true,"herbs":9,"hp":100,"night":false,"roles":{"engineer":2,"farmer":1,"guard":2,"hunter":1,"wanderer":12},"scrap":45,"sealed":2,"seconds":986.4,"shield":40,"stone":3,"sword":2,"walls":{"wall":{"hp":40,"level":1},"wall_left":{"hp":40,"level":1}},"wood":4,"x":3482.0,"y":430.0} outcome=victory
