Godot Engine v4.7.2.stable.official.ed1daf0bf - https://godotengine.org

[   0% ] [90m[1mfirst_scan_filesystem[22m | Started Project initialization (5 steps)[39m[0m
[   0% ] [90m[1mfirst_scan_filesystem[22m | Scanning file structure...[39m[0m
[  16% ] [90m[1mfirst_scan_filesystem[22m | Loading global class names...[39m[0m
[  33% ] [90m[1mfirst_scan_filesystem[22m | Verifying GDExtensions...[39m[0m
[  50% ] [90m[1mfirst_scan_filesystem[22m | Creating autoload scripts...[39m[0m
[  66% ] [90m[1mfirst_scan_filesystem[22m | Initializing plugins...[39m[0m
[  83% ] [90m[1mfirst_scan_filesystem[22m | Starting file scan...[39m[0m
[92m[ DONE ][39m [1mfirst_scan_filesystem[22m
[0m
[   0% ] [90m[1msavepack[22m | Started Packing (102 steps)[39m[0m
[   1% ] [90m[1msavepack[22m | Storing File: res://application/ports/campaign_store.gdc[39m[0m
[   1% ] [90m[1msavepack[22m | Storing File: res://application/ports/progress_store.gdc[39m[0m
[   1% ] [90m[1msavepack[22m | Storing File: res://application/campaign_checkpoint_rules.gdc[39m[0m
[   1% ] [90m[1msavepack[22m | Storing File: res://application/campaign_guide.gdc[39m[0m
[   2% ] [90m[1msavepack[22m | Storing File: res://application/campaign_progress.gdc[39m[0m
[   2% ] [90m[1msavepack[22m | Storing File: res://application/campaign_record.gdc[39m[0m
[   2% ] [90m[1msavepack[22m | Storing File: res://application/campaign_session.gdc[39m[0m
[   2% ] [90m[1msavepack[22m | Storing File: res://application/campaign_snapshot.gdc[39m[0m
[   3% ] [90m[1msavepack[22m | Storing File: res://application/expedition_guide.gdc[39m[0m
[   3% ] [90m[1msavepack[22m | Storing File: res://application/frontier_session.gdc[39m[0m
[   3% ] [90m[1msavepack[22m | Storing File: res://application/frontier_workforce.gdc[39m[0m
[   3% ] [90m[1msavepack[22m | Storing File: res://application/investment_hold.gdc[39m[0m
[   4% ] [90m[1msavepack[22m | Storing File: res://application/language_choice.gdc[39m[0m
[   4% ] [90m[1msavepack[22m | Storing File: res://application/refuge_session.gdc[39m[0m
[   4% ] [90m[1msavepack[22m | Storing File: res://application/rift_workforce.gdc[39m[0m
[   4% ] [90m[1msavepack[22m | Storing File: res://application/settlement_session.gdc[39m[0m
[   5% ] [90m[1msavepack[22m | Storing File: res://application/training_session.gdc[39m[0m
[   5% ] [90m[1msavepack[22m | Storing File: res://.godot/imported/chest-open.png-7e7fda325928c0fd159f34efb18847d5.ctex[39m[0m
[   5% ] [90m[1msavepack[22m | Storing File: res://art/ambient/v001/chest-open.png.import[39m[0m
[   5% ] [90m[1msavepack[22m | Storing File: res://.godot/imported/wanderer-idle.png-16070ed287a64001072d514e84c2fb91.ctex[39m[0m
[   5% ] [90m[1msavepack[22m | Storing File: res://art/ambient/v001/wanderer-idle.png.import[39m[0m
[   6% ] [90m[1msavepack[22m | Storing File: res://.godot/imported/build.wav-ac05fbaad1c9563b3419d865d207f5eb.sample[39m[0m
[   6% ] [90m[1msavepack[22m | Storing File: res://art/audio/campaign-v001/build.wav.import[39m[0m
[   6% ] [90m[1msavepack[22m | Storing File: res://.godot/imported/chest.wav-2a606aee7efbf0051ab8a50ed2f70658.sample[39m[0m
[   6% ] [90m[1msavepack[22m | Storing File: res://art/audio/campaign-v001/chest.wav.import[39m[0m
[   6% ] [90m[1msavepack[22m | Storing File: res://.godot/imported/dash.wav-b830171c39faa5924538d80aab20d3b0.sample[39m[0m
[   6% ] [90m[1msavepack[22m | Storing File: res://art/audio/campaign-v001/dash.wav.import[39m[0m
[   6% ] [90m[1msavepack[22m | Storing File: res://.godot/imported/defeat.wav-d57edf21e207d66db0306353b6ecfc33.sample[39m[0m
[   6% ] [90m[1msavepack[22m | Storing File: res://art/audio/campaign-v001/defeat.wav.import[39m[0m
[   7% ] [90m[1msavepack[22m | Storing File: res://.godot/imported/heavy.wav-dc34d3da0a41c7618ca9c24a8b4269a0.sample[39m[0m
[   7% ] [90m[1msavepack[22m | Storing File: res://art/audio/campaign-v001/heavy.wav.import[39m[0m
[   7% ] [90m[1msavepack[22m | Storing File: res://.godot/imported/hit.wav-048bf369abc13849aeb0e6e0a4efa6ba.sample[39m[0m
[   7% ] [90m[1msavepack[22m | Storing File: res://art/audio/campaign-v001/hit.wav.import[39m[0m
[   7% ] [90m[1msavepack[22m | Storing File: res://.godot/imported/hurt.wav-1cbe71f38f9a58f311eb1a390767d60c.sample[39m[0m
[   7% ] [90m[1msavepack[22m | Storing File: res://art/audio/campaign-v001/hurt.wav.import[39m[0m
[   7% ] [90m[1msavepack[22m | Storing File: res://.godot/imported/night.wav-088c4199f49cb8c4dbf43cc6c970c305.sample[39m[0m
[   7% ] [90m[1msavepack[22m | Storing File: res://art/audio/campaign-v001/night.wav.import[39m[0m
[   8% ] [90m[1msavepack[22m | Storing File: res://.godot/imported/pay.wav-6152968a445e8f3acf39d9d71b7f04be.sample[39m[0m
[   8% ] [90m[1msavepack[22m | Storing File: res://art/audio/campaign-v001/pay.wav.import[39m[0m
[   8% ] [90m[1msavepack[22m | Storing File: res://.godot/imported/pickup.wav-0b378f82b406792781c65059a0eba3b1.sample[39m[0m
[   8% ] [90m[1msavepack[22m | Storing File: res://art/audio/campaign-v001/pickup.wav.import[39m[0m
[   8% ] [90m[1msavepack[22m | Storing File: res://art/audio/campaign-v001/provenance.json[39m[0m
[   8% ] [90m[1msavepack[22m | Storing File: res://.godot/imported/recruit.wav-7351654f9b9410ef01661a0f48c22159.sample[39m[0m
[   8% ] [90m[1msavepack[22m | Storing File: res://art/audio/campaign-v001/recruit.wav.import[39m[0m
[   9% ] [90m[1msavepack[22m | Storing File: res://.godot/imported/seal.wav-1da32800aa4313e4ade13c35c0950853.sample[39m[0m
[   9% ] [90m[1msavepack[22m | Storing File: res://art/audio/campaign-v001/seal.wav.import[39m[0m
[   9% ] [90m[1msavepack[22m | Storing File: res://.godot/imported/slash1.wav-7029fce639648a00d5c1975aa0cf8353.sample[39m[0m
[   9% ] [90m[1msavepack[22m | Storing File: res://art/audio/campaign-v001/slash1.wav.import[39m[0m
[   9% ] [90m[1msavepack[22m | Storing File: res://.godot/imported/slash2.wav-0882e8d8769004394796b3e0c8173ecc.sample[39m[0m
[   9% ] [90m[1msavepack[22m | Storing File: res://art/audio/campaign-v001/slash2.wav.import[39m[0m
[  10% ] [90m[1msavepack[22m | Storing File: res://.godot/imported/slash3.wav-99016abcd90dd42b30052ff50c4cb4b3.sample[39m[0m
[  10% ] [90m[1msavepack[22m | Storing File: res://art/audio/campaign-v001/slash3.wav.import[39m[0m
[  10% ] [90m[1msavepack[22m | Storing File: res://.godot/imported/victory.wav-56630f8937d713982e27a2b1f2f04c89.sample[39m[0m
[  10% ] [90m[1msavepack[22m | Storing File: res://art/audio/campaign-v001/victory.wav.import[39m[0m
[  10% ] [90m[1msavepack[22m | Storing File: res://.godot/imported/last-refuge.wav-311016aa1759d736a3cf0e3d880b9bbc.sample[39m[0m
[  10% ] [90m[1msavepack[22m | Storing File: res://art/audio/frontier-music-v001/last-refuge.wav.import[39m[0m
[  10% ] [90m[1msavepack[22m | Storing File: res://.godot/imported/campfire.png-6ec920d66f4e8d9ce76f4165b83f1c10.ctex[39m[0m
[  10% ] [90m[1msavepack[22m | Storing File: res://art/campaign/v001/campfire.png.import[39m[0m
[  11% ] [90m[1msavepack[22m | Storing File: res://.godot/imported/herbs.png-9b3e76dad0dcd1a552931c8af19db5e3.ctex[39m[0m
[  11% ] [90m[1msavepack[22m | Storing File: res://art/campaign/v001/herbs.png.import[39m[0m
[  11% ] [90m[1msavepack[22m | Storing File: res://.godot/imported/plot.png-2e766bc58dc22adfc721e81815d3a1dd.ctex[39m[0m
[  11% ] [90m[1msavepack[22m | Storing File: res://art/campaign/v001/plot.png.import[39m[0m
[  11% ] [90m[1msavepack[22m | Storing File: res://.godot/imported/stone.png-6037b26df2c341c08b4c8e8c2b77cd85.ctex[39m[0m
[  11% ] [90m[1msavepack[22m | Storing File: res://art/campaign/v001/stone.png.import[39m[0m
[  11% ] [90m[1msavepack[22m | Storing File: res://presentation/spirit_motion.gdc[39m[0m
[  12% ] [90m[1msavepack[22m | Storing File: res://.godot/exported/133200997/export-88ae8cfda7038364875182e7cee054dd-start_menu.scn[39m[0m
[  12% ] [90m[1msavepack[22m | Storing File: res://.godot/imported/moving.png-128ea099812ac0b9de4a418cab18582b.ctex[39m[0m
[  12% ] [90m[1msavepack[22m | Storing File: res://art/characters/combo-v002/moving.png.import[39m[0m
[  12% ] [90m[1msavepack[22m | Storing File: res://.godot/imported/planted.png-03be3476601cc00ba576d2dad48b1ed0.ctex[39m[0m
[  12% ] [90m[1msavepack[22m | Storing File: res://art/characters/combo-v002/planted.png.import[39m[0m
[  12% ] [90m[1msavepack[22m | Storing File: res://art/characters/combo-v002/recipe.json[39m[0m
[  13% ] [90m[1msavepack[22m | Storing File: res://.godot/exported/133200997/export-4e3ff83f887c841755ed5ecbbcad0489-knight_visual.scn[39m[0m
[  13% ] [90m[1msavepack[22m | Storing File: res://.godot/exported/133200997/export-5b93b8e0c60cb67d8315bbd517752382-refuge.scn[39m[0m
[  13% ] [90m[1msavepack[22m | Storing File: res://.godot/imported/moving.png-24d0a19ccec3402fd8cddfdc36e98bdd.ctex[39m[0m
[  13% ] [90m[1msavepack[22m | Storing File: res://art/characters/combo-v003/moving.png.import[39m[0m
[  13% ] [90m[1msavepack[22m | Storing File: res://.godot/imported/planted.png-d22928b30adc3ba794e6848a53a7ab8b.ctex[39m[0m
[  13% ] [90m[1msavepack[22m | Storing File: res://art/characters/combo-v003/planted.png.import[39m[0m
[  14% ] [90m[1msavepack[22m | Storing File: res://art/characters/combo-v003/recipe.json[39m[0m
[  14% ] [90m[1msavepack[22m | Storing File: res://presentation/ui_icons.gdc[39m[0m
[  14% ] [90m[1msavepack[22m | Storing File: res://.godot/exported/133200997/export-6bdb0a707724d94c7b8005fef9ca9792-sentinel_visual.scn[39m[0m
[  15% ] [90m[1msavepack[22m | Storing File: res://.godot/imported/moving.png-556b8336bd53ea04ba0099bb339de68f.ctex[39m[0m
[  15% ] [90m[1msavepack[22m | Storing File: res://art/characters/combo-v004/moving.png.import[39m[0m
[  15% ] [90m[1msavepack[22m | Storing File: res://.godot/imported/planted.png-23c9ea03f0c02952380f9a62fa72354a.ctex[39m[0m
[  15% ] [90m[1msavepack[22m | Storing File: res://art/characters/combo-v004/planted.png.import[39m[0m
[  15% ] [90m[1msavepack[22m | Storing File: res://art/characters/combo-v004/recipe.json[39m[0m
[  15% ] [90m[1msavepack[22m | Storing File: res://.godot/exported/133200997/export-1974effe9358a6738780b90389d57aa2-frontier.scn[39m[0m
[  16% ] [90m[1msavepack[22m | Storing File: res://.godot/imported/attack.png-121e13296b66cb75dc4c75acc2605ba7.ctex[39m[0m
[  16% ] [90m[1msavepack[22m | Storing File: res://art/characters/fluid-v001/attack.png.import[39m[0m
[  16% ] [90m[1msavepack[22m | Storing File: res://.godot/imported/moving-attack.png-53483d8746f7d266902cb24e31404c2f.ctex[39m[0m
[  16% ] [90m[1msavepack[22m | Storing File: res://art/characters/fluid-v001/moving-attack.png.import[39m[0m
[  16% ] [90m[1msavepack[22m | Storing File: res://.godot/imported/run.png-9604698fc5b09196e32bf240546bd08f.ctex[39m[0m
[  16% ] [90m[1msavepack[22m | Storing File: res://art/characters/fluid-v001/run.png.import[39m[0m
[  16% ] [90m[1msavepack[22m | Storing File: res://.godot/imported/jump.png-760faa8435118e9d3de51c83553de265.ctex[39m[0m
[  16% ] [90m[1msavepack[22m | Storing File: res://art/characters/knight/motion-v002/jump.png.import[39m[0m
[  17% ] [90m[1msavepack[22m | Storing File: res://.godot/imported/run.png-a0f31549c63859e72106831acbf7aad9.ctex[39m[0m
[  17% ] [90m[1msavepack[22m | Storing File: res://art/characters/knight/motion-v002/run.png.import[39m[0m
[  17% ] [90m[1msavepack[22m | Storing File: res://.godot/imported/attack-v001.png-d9ccb0c5e33dfa68a271e2627984c4d8.ctex[39m[0m
[  17% ] [90m[1msavepack[22m | Storing File: res://art/characters/knight/processed/attack-v001.png.import[39m[0m
[  17% ] [90m[1msavepack[22m | Storing File: res://.godot/imported/attack-v002.png-fb26400bd0ef97bd3db109c7e1a93e6c.ctex[39m[0m
[  17% ] [90m[1msavepack[22m | Storing File: res://art/characters/knight/processed/attack-v002.png.import[39m[0m
[  17% ] [90m[1msavepack[22m | Storing File: res://.godot/imported/attack-v003.png-7812fac2b6fbe6774e5b3b23fed0d21c.ctex[39m[0m
[  17% ] [90m[1msavepack[22m | Storing File: res://art/characters/knight/processed/attack-v003.png.import[39m[0m
[  18% ] [90m[1msavepack[22m | Storing File: res://.godot/imported/dash-v001.png-bb46ec61045a17cfa07194d067e5f299.ctex[39m[0m
[  18% ] [90m[1msavepack[22m | Storing File: res://art/characters/knight/processed/dash-v001.png.import[39m[0m
[  18% ] [90m[1msavepack[22m | Storing File: res://.godot/imported/idle-v001.png-137b398659a7495e9977d37934956e4d.ctex[39m[0m
[  18% ] [90m[1msavepack[22m | Storing File: res://art/characters/knight/processed/idle-v001.png.import[39m[0m
[  18% ] [90m[1msavepack[22m | Storing File: res://.godot/imported/run-v001.png-a3813831faf37e6c2fda14c46a492d49.ctex[39m[0m
[  18% ] [90m[1msavepack[22m | Storing File: res://art/characters/knight/processed/run-v001.png.import[39m[0m
[  19% ] [90m[1msavepack[22m | Storing File: res://.godot/imported/attack-v001.png-825e337f61ae38a9bc6caa13016ae4c8.ctex[39m[0m
[  19% ] [90m[1msavepack[22m | Storing File: res://art/characters/knight/source/attack-v001.png.import[39m[0m
[  19% ] [90m[1msavepack[22m | Storing File: res://.godot/imported/attack-v002.png-ed6e7023756408189c8f497643be692a.ctex[39m[0m
[  19% ] [90m[1msavepack[22m | Storing File: res://art/characters/knight/source/attack-v002.png.import[39m[0m
[  19% ] [90m[1msavepack[22m | Storing File: res://.godot/imported/attack-v003.png-31486df4e06a1cf8684bc35568adaff4.ctex[39m[0m
[  19% ] [90m[1msavepack[22m | Storing File: res://art/characters/knight/source/attack-v003.png.import[39m[0m
[  19% ] [90m[1msavepack[22m | Storing File: res://.godot/imported/dash-v001.png-6ed47f634e69990fa2c50e1901823a09.ctex[39m[0m
[  19% ] [90m[1msavepack[22m | Storing File: res://art/characters/knight/source/dash-v001.png.import[39m[0m
[  20% ] [90m[1msavepack[22m | Storing File: res://.godot/imported/run-v001.png-647c9e79ce6b58209cfd25ce82475778.ctex[39m[0m
[  20% ] [90m[1msavepack[22m | Storing File: res://art/characters/knight/source/run-v001.png.import[39m[0m
[  20% ] [90m[1msavepack[22m | Storing File: res://art/characters/knight/animation-recipes.json[39m[0m
[  20% ] [90m[1msavepack[22m | Storing File: res://.godot/imported/idle-v001.png-6a8b61590ce70ec396f735607cddb500.ctex[39m[0m
[  20% ] [90m[1msavepack[22m | Storing File: res://art/characters/knight/idle-v001.png.import[39m[0m
[  20% ] [90m[1msavepack[22m | Storing File: res://presentation/web_player_guide.gdc[39m[0m
[  21% ] [90m[1msavepack[22m | Storing File: res://.godot/exported/133200997/export-060d802b4d31a261d3928a81f736a185-settlement.scn[39m[0m
[  21% ] [90m[1msavepack[22m | Storing File: res://.godot/exported/133200997/export-f5c3604711e42e1befa1f7577d6b76d4-training_hud.scn[39m[0m
[  21% ] [90m[1msavepack[22m | Storing File: res://presentation/settlement_controls.gdc[39m[0m
[  21% ] [90m[1msavepack[22m | Storing File: res://presentation/sentinel_visual.gdc[39m[0m
[  22% ] [90m[1msavepack[22m | Storing File: res://art/characters/prosthetic-v001/atlas-report.json[39m[0m
[  22% ] [90m[1msavepack[22m | Storing File: res://.godot/imported/citizens-atlas.png-68ad4473cfd323dfeb7f09adf68577c4.ctex[39m[0m
[  22% ] [90m[1msavepack[22m | Storing File: res://art/characters/prosthetic-v001/citizens-atlas.png.import[39m[0m
[  22% ] [90m[1msavepack[22m | Storing File: res://.godot/imported/engineer-atlas.png-d820cf8c41fcc638dc3e5383a5ce515c.ctex[39m[0m
[  22% ] [90m[1msavepack[22m | Storing File: res://art/characters/prosthetic-v001/engineer-atlas.png.import[39m[0m
[  23% ] [90m[1msavepack[22m | Storing File: res://.godot/imported/knight-attack.png-41a23975aca7a6c6904451fdd138ca85.ctex[39m[0m
[  23% ] [90m[1msavepack[22m | Storing File: res://art/characters/prosthetic-v001/knight-attack.png.import[39m[0m
[  23% ] [90m[1msavepack[22m | Storing File: res://.godot/imported/knight-dash.png-952585b4d7ee5cd49e81d05c423078f4.ctex[39m[0m
[  23% ] [90m[1msavepack[22m | Storing File: res://art/characters/prosthetic-v001/knight-dash.png.import[39m[0m
[  23% ] [90m[1msavepack[22m | Storing File: res://.godot/imported/knight-idle.png-ecf0d0fbe4373a222d89e8e6e21664dd.ctex[39m[0m
[  23% ] [90m[1msavepack[22m | Storing File: res://art/characters/prosthetic-v001/knight-idle.png.import[39m[0m
[  23% ] [90m[1msavepack[22m | Storing File: res://.godot/imported/knight-jump.png-33b7f7dd5c11aa4b24e5c4cb03c53020.ctex[39m[0m
[  23% ] [90m[1msavepack[22m | Storing File: res://art/characters/prosthetic-v001/knight-jump.png.import[39m[0m
[  24% ] [90m[1msavepack[22m | Storing File: res://.godot/imported/knight-run-old.png-fe353928b25b43ad879e33b8bf5eb759.ctex[39m[0m
[  24% ] [90m[1msavepack[22m | Storing File: res://art/characters/prosthetic-v001/knight-run-old.png.import[39m[0m
[  24% ] [90m[1msavepack[22m | Storing File: res://.godot/imported/knight-run.png-52ea49799957fd65d4025655aaf7ecad.ctex[39m[0m
[  24% ] [90m[1msavepack[22m | Storing File: res://art/characters/prosthetic-v001/knight-run.png.import[39m[0m
[  24% ] [90m[1msavepack[22m | Storing File: res://.godot/imported/lineup.png-b7b4a46c4fd6ecd0166e271fbb6b3d07.ctex[39m[0m
[  24% ] [90m[1msavepack[22m | Storing File: res://art/characters/prosthetic-v001/lineup.png.import[39m[0m
[  24% ] [90m[1msavepack[22m | Storing File: res://.godot/imported/wanderer-idle.png-d9834eaf81a3d48001cc69db26a8cf81.ctex[39m[0m
[  24% ] [90m[1msavepack[22m | Storing File: res://art/characters/prosthetic-v001/wanderer-idle.png.import[39m[0m
[  25% ] [90m[1msavepack[22m | Storing File: res://presentation/training_hud.gdc[39m[0m
[  25% ] [90m[1msavepack[22m | Storing File: res://.godot/exported/133200997/export-49c150869b35693972ad98356c3d2310-actor.scn[39m[0m
[  25% ] [90m[1msavepack[22m | Storing File: res://art/characters/resident-motion-v002/recipe.json[39m[0m
[  25% ] [90m[1msavepack[22m | Storing File: res://.godot/imported/residents.png-10b8bf1f9115ac039fde97bba555eeb4.ctex[39m[0m
[  25% ] [90m[1msavepack[22m | Storing File: res://art/characters/resident-motion-v002/residents.png.import[39m[0m
[  26% ] [90m[1msavepack[22m | Storing File: res://.godot/imported/sentinel-v001.png-05079a4d16d6a2fcc31e5642ea1de044.ctex[39m[0m
[  26% ] [90m[1msavepack[22m | Storing File: res://art/characters/sentinel/processed/sentinel-v001.png.import[39m[0m
[  26% ] [90m[1msavepack[22m | Storing File: res://.godot/imported/sentinel-v001.png-03723dcf0052f06e49e1a5cda706f918.ctex[39m[0m
[  26% ] [90m[1msavepack[22m | Storing File: res://art/characters/sentinel/source/sentinel-v001.png.import[39m[0m
[  26% ] [90m[1msavepack[22m | Storing File: res://art/characters/sentinel/animation-recipes.json[39m[0m
[  26% ] [90m[1msavepack[22m | Storing File: res://art/fonts/noto-sans-tc/OFL.txt[39m[0m
[  27% ] [90m[1msavepack[22m | Storing File: res://.godot/imported/armory-emission.png-3b7d04f1402acbb5cbdd5fb91718d019.ctex[39m[0m
[  27% ] [90m[1msavepack[22m | Storing File: res://art/cyberpunk/v001/armory-emission.png.import[39m[0m
[  27% ] [90m[1msavepack[22m | Storing File: res://.godot/imported/armory.png-d0bff640273a0735daae7a35d3d78ee6.ctex[39m[0m
[  27% ] [90m[1msavepack[22m | Storing File: res://art/cyberpunk/v001/armory.png.import[39m[0m
[  27% ] [90m[1msavepack[22m | Storing File: res://.godot/imported/beacon-emission.png-ec94bec2da33f2a0f0a97b15ef80f906.ctex[39m[0m
[  27% ] [90m[1msavepack[22m | Storing File: res://art/cyberpunk/v001/beacon-emission.png.import[39m[0m
[  28% ] [90m[1msavepack[22m | Storing File: res://.godot/imported/beacon.png-9c458935fb0eeb29c5e45ad70217254e.ctex[39m[0m
[  28% ] [90m[1msavepack[22m | Storing File: res://art/cyberpunk/v001/beacon.png.import[39m[0m
[  28% ] [90m[1msavepack[22m | Storing File: res://.godot/imported/cache-emission.png-f175417464a1e7f170d1d9e428033da8.ctex[39m[0m
[  28% ] [90m[1msavepack[22m | Storing File: res://art/cyberpunk/v001/cache-emission.png.import[39m[0m
[  28% ] [90m[1msavepack[22m | Storing File: res://.godot/imported/cache.png-ba5ff801f581bf9444fceb5030917a59.ctex[39m[0m
[  28% ] [90m[1msavepack[22m | Storing File: res://art/cyberpunk/v001/cache.png.import[39m[0m
[  28% ] [90m[1msavepack[22m | Storing File: res://.godot/imported/campfire-emission.png-f9f4dd8551740ad7d3b1d991333becbc.ctex[39m[0m
[  28% ] [90m[1msavepack[22m | Storing File: res://art/cyberpunk/v001/campfire-emission.png.import[39m[0m
[  29% ] [90m[1msavepack[22m | Storing File: res://.godot/imported/campfire.png-d399a232035e4e0b5c23d4c8528441a2.ctex[39m[0m
[  29% ] [90m[1msavepack[22m | Storing File: res://art/cyberpunk/v001/campfire.png.import[39m[0m
[  29% ] [90m[1msavepack[22m | Storing File: res://.godot/imported/chest-open-emission.png-ceb6ad38abaf4b616c1cd5d0794c2dde.ctex[39m[0m
[  29% ] [90m[1msavepack[22m | Storing File: res://art/cyberpunk/v001/chest-open-emission.png.import[39m[0m
[  29% ] [90m[1msavepack[22m | Storing File: res://.godot/imported/chest-open.png-5dc466e67e8e706db2a336062b8af62c.ctex[39m[0m
[  29% ] [90m[1msavepack[22m | Storing File: res://art/cyberpunk/v001/chest-open.png.import[39m[0m
[  29% ] [90m[1msavepack[22m | Storing File: res://.godot/imported/crops-emission.png-1184c42be8154571fed2ebb098a62219.ctex[39m[0m
[  29% ] [90m[1msavepack[22m | Storing File: res://art/cyberpunk/v001/crops-emission.png.import[39m[0m
[  30% ] [90m[1msavepack[22m | Storing File: res://.godot/imported/crops.png-43d39fd3666eeb718e4fa96a8f5d560c.ctex[39m[0m
[  30% ] [90m[1msavepack[22m | Storing File: res://art/cyberpunk/v001/crops.png.import[39m[0m
[  30% ] [90m[1msavepack[22m | Storing File: res://.godot/imported/forge-emission.png-433430c5987e9b19f490c2d219c5fa85.ctex[39m[0m
[  30% ] [90m[1msavepack[22m | Storing File: res://art/cyberpunk/v001/forge-emission.png.import[39m[0m
[  30% ] [90m[1msavepack[22m | Storing File: res://.godot/imported/forge.png-e464fc5a977e05bac5e815305cb819db.ctex[39m[0m
[  30% ] [90m[1msavepack[22m | Storing File: res://art/cyberpunk/v001/forge.png.import[39m[0m
[  30% ] [90m[1msavepack[22m | Storing File: res://.godot/imported/ground.png-9daf65a9e914faec8e9fdf6b8c3cfe24.ctex[39m[0m
[  30% ] [90m[1msavepack[22m | Storing File: res://art/cyberpunk/v001/ground.png.import[39m[0m
[  31% ] [90m[1msavepack[22m | Storing File: res://.godot/imported/hall-1-emission.png-57d4d71e32cb95e28a35cfff982f9da1.ctex[39m[0m
[  31% ] [90m[1msavepack[22m | Storing File: res://art/cyberpunk/v001/hall-1-emission.png.import[39m[0m
[  31% ] [90m[1msavepack[22m | Storing File: res://.godot/imported/hall-1.png-9c5f9f9396ed443acd48f63c92ab19bd.ctex[39m[0m
[  31% ] [90m[1msavepack[22m | Storing File: res://art/cyberpunk/v001/hall-1.png.import[39m[0m
[  31% ] [90m[1msavepack[22m | Storing File: res://.godot/imported/hall-2-emission.png-2b28f4240a30d05ca5b7b6b7b1e7e12e.ctex[39m[0m
[  31% ] [90m[1msavepack[22m | Storing File: res://art/cyberpunk/v001/hall-2-emission.png.import[39m[0m
[  32% ] [90m[1msavepack[22m | Storing File: res://.godot/imported/hall-2.png-a055a8330207bdb0761766319917a67f.ctex[39m[0m
[  32% ] [90m[1msavepack[22m | Storing File: res://art/cyberpunk/v001/hall-2.png.import[39m[0m
[  32% ] [90m[1msavepack[22m | Storing File: res://.godot/imported/hall-3-emission.png-77d9a3b2178ce11419906589ae9966e8.ctex[39m[0m
[  32% ] [90m[1msavepack[22m | Storing File: res://art/cyberpunk/v001/hall-3-emission.png.import[39m[0m
[  32% ] [90m[1msavepack[22m | Storing File: res://.godot/imported/hall-3.png-f8d2d172657ebc98fadebb425864708c.ctex[39m[0m
[  32% ] [90m[1msavepack[22m | Storing File: res://art/cyberpunk/v001/hall-3.png.import[39m[0m
[  32% ] [90m[1msavepack[22m | Storing File: res://.godot/imported/outpost-emission.png-8520ff0087a295f330ee439d6ba99c6a.ctex[39m[0m
[  32% ] [90m[1msavepack[22m | Storing File: res://art/cyberpunk/v001/outpost-emission.png.import[39m[0m
[  33% ] [90m[1msavepack[22m | Storing File: res://.godot/imported/outpost.png-5b9741b9dd837738497e6577389142e8.ctex[39m[0m
[  33% ] [90m[1msavepack[22m | Storing File: res://art/cyberpunk/v001/outpost.png.import[39m[0m
[  33% ] [90m[1msavepack[22m | Storing File: res://.godot/imported/plot-emission.png-c4bca3e250efbbb48dba15483af64aab.ctex[39m[0m
[  33% ] [90m[1msavepack[22m | Storing File: res://art/cyberpunk/v001/plot-emission.png.import[39m[0m
[  33% ] [90m[1msavepack[22m | Storing File: res://.godot/imported/plot.png-b893511a51f529929249f5eee9690ce6.ctex[39m[0m
[  33% ] [90m[1msavepack[22m | Storing File: res://art/cyberpunk/v001/plot.png.import[39m[0m
[  33% ] [90m[1msavepack[22m | Storing File: res://.godot/imported/relay-emission.png-0ce24cd49af4797866e497cb169449df.ctex[39m[0m
[  33% ] [90m[1msavepack[22m | Storing File: res://art/cyberpunk/v001/relay-emission.png.import[39m[0m
[  33% ] [90m[1msavepack[22m | Storing File: res://.godot/imported/relay.png-2323601b07e4142c98c2686463217694.ctex[39m[0m
[  33% ] [90m[1msavepack[22m | Storing File: res://art/cyberpunk/v001/relay.png.import[39m[0m
[  33% ] [90m[1msavepack[22m | Storing File: res://.godot/imported/skyline.png-70187b5384d81315ecaa2ef67e33317b.ctex[39m[0m
[  33% ] [90m[1msavepack[22m | Storing File: res://art/cyberpunk/v001/skyline.png.import[39m[0m
[  33% ] [90m[1msavepack[22m | Storing File: res://.godot/imported/wall-emission.png-eefa1b0335c5644a285bd33fe3cc594f.ctex[39m[0m
[  33% ] [90m[1msavepack[22m | Storing File: res://art/cyberpunk/v001/wall-emission.png.import[39m[0m
[  33% ] [90m[1msavepack[22m | Storing File: res://.godot/imported/wall.png-48db5a722695864855b466c0fc615d75.ctex[39m[0m
[  33% ] [90m[1msavepack[22m | Storing File: res://art/cyberpunk/v001/wall.png.import[39m[0m
[  34% ] [90m[1msavepack[22m | Storing File: res://.godot/imported/workshop-emission.png-82cc35d29415a0c025765c356263ff87.ctex[39m[0m
[  34% ] [90m[1msavepack[22m | Storing File: res://art/cyberpunk/v001/workshop-emission.png.import[39m[0m
[  34% ] [90m[1msavepack[22m | Storing File: res://.godot/imported/workshop.png-dc007babfa9c3afed31c48eb6ed1c1ad.ctex[39m[0m
[  34% ] [90m[1msavepack[22m | Storing File: res://art/cyberpunk/v001/workshop.png.import[39m[0m
[  34% ] [90m[1msavepack[22m | Storing File: res://.godot/imported/armory.png-7d86e41b06caf259814b83c746c8cd79.ctex[39m[0m
[  34% ] [90m[1msavepack[22m | Storing File: res://art/eightbit/v001/armory.png.import[39m[0m
[  35% ] [90m[1msavepack[22m | Storing File: res://.godot/imported/beacon.png-59bbb536683823acb808f49f5444d072.ctex[39m[0m
[  35% ] [90m[1msavepack[22m | Storing File: res://art/eightbit/v001/beacon.png.import[39m[0m
[  35% ] [90m[1msavepack[22m | Storing File: res://.godot/imported/berries.png-61bb16b188bc0dfc37fa3f3b729a9629.ctex[39m[0m
[  35% ] [90m[1msavepack[22m | Storing File: res://art/eightbit/v001/berries.png.import[39m[0m
[  35% ] [90m[1msavepack[22m | Storing File: res://.godot/imported/cache.png-c46d4f15fb49d4b4211df81155c0cf16.ctex[39m[0m
[  35% ] [90m[1msavepack[22m | Storing File: res://art/eightbit/v001/cache.png.import[39m[0m
[  35% ] [90m[1msavepack[22m | Storing File: res://.godot/imported/campfire.png-9c87321452f29a625463f8319b3f7137.ctex[39m[0m
[  35% ] [90m[1msavepack[22m | Storing File: res://art/eightbit/v001/campfire.png.import[39m[0m
[  36% ] [90m[1msavepack[22m | Storing File: res://.godot/imported/chest-open.png-5712aee9985d68196ced6dbb3ab35cbb.ctex[39m[0m
[  36% ] [90m[1msavepack[22m | Storing File: res://art/eightbit/v001/chest-open.png.import[39m[0m
[  36% ] [90m[1msavepack[22m | Storing File: res://.godot/imported/citizens-atlas.png-78413ee6c751abd86810333d33d015f1.ctex[39m[0m
[  36% ] [90m[1msavepack[22m | Storing File: res://art/eightbit/v001/citizens-atlas.png.import[39m[0m
[  36% ] [90m[1msavepack[22m | Storing File: res://.godot/imported/crops.png-e279ec61513d96cba67cb48422dd9960.ctex[39m[0m
[  36% ] [90m[1msavepack[22m | Storing File: res://art/eightbit/v001/crops.png.import[39m[0m
[  36% ] [90m[1msavepack[22m | Storing File: res://.godot/imported/crystal.png-cb172ce87178c865e0cfc73dfbdd1b9e.ctex[39m[0m
[  36% ] [90m[1msavepack[22m | Storing File: res://art/eightbit/v001/crystal.png.import[39m[0m
[  37% ] [90m[1msavepack[22m | Storing File: res://.godot/imported/deer.png-4ab172ce330696993fb4d60a1a527c98.ctex[39m[0m
[  37% ] [90m[1msavepack[22m | Storing File: res://art/eightbit/v001/deer.png.import[39m[0m
[  37% ] [90m[1msavepack[22m | Storing File: res://.godot/imported/engineer-atlas.png-aa298e5b2941f1df74da4fd06f04f6f5.ctex[39m[0m
[  37% ] [90m[1msavepack[22m | Storing File: res://art/eightbit/v001/engineer-atlas.png.import[39m[0m
[  37% ] [90m[1msavepack[22m | Storing File: res://.godot/imported/forge.png-b923d9766919a3640956de4c7b0a4288.ctex[39m[0m
[  37% ] [90m[1msavepack[22m | Storing File: res://art/eightbit/v001/forge.png.import[39m[0m
[  37% ] [90m[1msavepack[22m | Storing File: res://.godot/imported/ground.png-bfaf21f6d5d92fff547ad04dd8e5e11e.ctex[39m[0m
[  37% ] [90m[1msavepack[22m | Storing File: res://art/eightbit/v001/ground.png.import[39m[0m
[  38% ] [90m[1msavepack[22m | Storing File: res://.godot/imported/hall-1.png-e4948cf0c75b45e910660f271a8ccead.ctex[39m[0m
[  38% ] [90m[1msavepack[22m | Storing File: res://art/eightbit/v001/hall-1.png.import[39m[0m
[  38% ] [90m[1msavepack[22m | Storing File: res://.godot/imported/hall-2.png-90a064080ec542fcbeae71433c1efaa2.ctex[39m[0m
[  38% ] [90m[1msavepack[22m | Storing File: res://art/eightbit/v001/hall-2.png.import[39m[0m
[  38% ] [90m[1msavepack[22m | Storing File: res://.godot/imported/hall-3.png-209117ede8f6d5d6e032f882ca1d492e.ctex[39m[0m
[  38% ] [90m[1msavepack[22m | Storing File: res://art/eightbit/v001/hall-3.png.import[39m[0m
[  38% ] [90m[1msavepack[22m | Storing File: res://.godot/imported/herbs.png-bec2f4187bca43de130bb8fed8b99b68.ctex[39m[0m
[  38% ] [90m[1msavepack[22m | Storing File: res://art/eightbit/v001/herbs.png.import[39m[0m
[  39% ] [90m[1msavepack[22m | Storing File: res://.godot/imported/knight-attack.png-27a7a647c9ae6eca4282621d4ad1ef73.ctex[39m[0m
[  39% ] [90m[1msavepack[22m | Storing File: res://art/eightbit/v001/knight-attack.png.import[39m[0m
[  39% ] [90m[1msavepack[22m | Storing File: res://.godot/imported/knight-dash.png-bcf0fdbb66217002d78ea74bd103b15a.ctex[39m[0m
[  39% ] [90m[1msavepack[22m | Storing File: res://art/eightbit/v001/knight-dash.png.import[39m[0m
[  39% ] [90m[1msavepack[22m | Storing File: res://.godot/imported/knight-idle.png-b0ab74946be59f9fa38fd61ac4e57301.ctex[39m[0m
[  39% ] [90m[1msavepack[22m | Storing File: res://art/eightbit/v001/knight-idle.png.import[39m[0m
[  40% ] [90m[1msavepack[22m | Storing File: res://.godot/imported/knight-jump.png-e1c17bd7e2196e33ca50f8d1aa6706cc.ctex[39m[0m
[  40% ] [90m[1msavepack[22m | Storing File: res://art/eightbit/v001/knight-jump.png.import[39m[0m
[  40% ] [90m[1msavepack[22m | Storing File: res://.godot/imported/knight-run-old.png-d7d5e5e16bcb11dd445849739f15192e.ctex[39m[0m
[  40% ] [90m[1msavepack[22m | Storing File: res://art/eightbit/v001/knight-run-old.png.import[39m[0m
[  40% ] [90m[1msavepack[22m | Storing File: res://.godot/imported/knight-run.png-01a8ed78bfbbaafcde9545905e0b3ae6.ctex[39m[0m
[  40% ] [90m[1msavepack[22m | Storing File: res://art/eightbit/v001/knight-run.png.import[39m[0m
[  40% ] [90m[1msavepack[22m | Storing File: res://.godot/imported/outpost.png-80d6d06f1919d3e22bd42f87d46e6343.ctex[39m[0m
[  40% ] [90m[1msavepack[22m | Storing File: res://art/eightbit/v001/outpost.png.import[39m[0m
[  41% ] [90m[1msavepack[22m | Storing File: res://.godot/imported/plot.png-5a23e064eba7c69433c0909e81b7a40b.ctex[39m[0m
[  41% ] [90m[1msavepack[22m | Storing File: res://art/eightbit/v001/plot.png.import[39m[0m
[  41% ] [90m[1msavepack[22m | Storing File: res://.godot/imported/relay.png-0033a3d14bbd9dbfade331cb5db1b0ac.ctex[39m[0m
[  41% ] [90m[1msavepack[22m | Storing File: res://art/eightbit/v001/relay.png.import[39m[0m
[  41% ] [90m[1msavepack[22m | Storing File: res://.godot/imported/skyline.png-a500b564e76c6361eb3d38c67964fb1c.ctex[39m[0m
[  41% ] [90m[1msavepack[22m | Storing File: res://art/eightbit/v001/skyline.png.import[39m[0m
[  41% ] [90m[1msavepack[22m | Storing File: res://.godot/imported/stone.png-b3e872f14f766de31f40bb89a48b59a3.ctex[39m[0m
[  41% ] [90m[1msavepack[22m | Storing File: res://art/eightbit/v001/stone.png.import[39m[0m
[  42% ] [90m[1msavepack[22m | Storing File: res://.godot/imported/stump.png-98ca474f63cdc6a54f23c32cb68a1de2.ctex[39m[0m
[  42% ] [90m[1msavepack[22m | Storing File: res://art/eightbit/v001/stump.png.import[39m[0m
[  42% ] [90m[1msavepack[22m | Storing File: res://.godot/imported/tree-plain.png-3e07a14c80972b63015d3d86add86046.ctex[39m[0m
[  42% ] [90m[1msavepack[22m | Storing File: res://art/eightbit/v001/tree-plain.png.import[39m[0m
[  42% ] [90m[1msavepack[22m | Storing File: res://.godot/imported/tree.png-e16f61a230d7283b23a1f65b40b40345.ctex[39m[0m
[  42% ] [90m[1msavepack[22m | Storing File: res://art/eightbit/v001/tree.png.import[39m[0m
[  42% ] [90m[1msavepack[22m | Storing File: res://.godot/imported/wall.png-e14a25be98504f244a036bc404c84ac7.ctex[39m[0m
[  42% ] [90m[1msavepack[22m | Storing File: res://art/eightbit/v001/wall.png.import[39m[0m
[  43% ] [90m[1msavepack[22m | Storing File: res://.godot/imported/wanderer-idle.png-0d9e8b181dd26c598df20f90014ab4a0.ctex[39m[0m
[  43% ] [90m[1msavepack[22m | Storing File: res://art/eightbit/v001/wanderer-idle.png.import[39m[0m
[  43% ] [90m[1msavepack[22m | Storing File: res://.godot/imported/workshop.png-a46ce6125a6e68669aa952cb7c17dbef.ctex[39m[0m
[  43% ] [90m[1msavepack[22m | Storing File: res://art/eightbit/v001/workshop.png.import[39m[0m
[  43% ] [90m[1msavepack[22m | Storing File: res://.godot/imported/foundry-v001.png-b7fb6a054d8597b4522d04bdbde35268.ctex[39m[0m
[  43% ] [90m[1msavepack[22m | Storing File: res://art/environments/foundry/processed/foundry-v001.png.import[39m[0m
[  44% ] [90m[1msavepack[22m | Storing File: res://.godot/imported/foundry-v001.png-a6a2c78580e9f719c940415e3f038325.ctex[39m[0m
[  44% ] [90m[1msavepack[22m | Storing File: res://art/environments/foundry/source/foundry-v001.png.import[39m[0m
[  44% ] [90m[1msavepack[22m | Storing File: res://.godot/imported/NotoSansSC-Regular.otf-0511515f6f4fce1867248b053b18a6e2.fontdata[39m[0m
[  44% ] [90m[1msavepack[22m | Storing File: res://art/fonts/noto-sans-sc/NotoSansSC-Regular.otf.import[39m[0m
[  44% ] [90m[1msavepack[22m | Storing File: res://.godot/imported/NotoSansTC-Regular.otf-e7fb4bc581177ce7aac906da9ff62ac7.fontdata[39m[0m
[  44% ] [90m[1msavepack[22m | Storing File: res://art/fonts/noto-sans-tc/NotoSansTC-Regular.otf.import[39m[0m
[  44% ] [90m[1msavepack[22m | Storing File: res://.godot/imported/armory.png-cd5e087fc8ec4dafb76f1b1406d12440.ctex[39m[0m
[  44% ] [90m[1msavepack[22m | Storing File: res://art/frontier/v002/armory.png.import[39m[0m
[  45% ] [90m[1msavepack[22m | Storing File: res://.godot/imported/beacon.png-004e6a773b3c6db9e480a136ace2b36a.ctex[39m[0m
[  45% ] [90m[1msavepack[22m | Storing File: res://art/frontier/v002/beacon.png.import[39m[0m
[  45% ] [90m[1msavepack[22m | Storing File: res://.godot/imported/berries.png-2a8894b954080ff122442500de39c2e9.ctex[39m[0m
[  45% ] [90m[1msavepack[22m | Storing File: res://art/frontier/v002/berries.png.import[39m[0m
[  45% ] [90m[1msavepack[22m | Storing File: res://.godot/imported/cache.png-a86c7b85be00661f427a2255a2100e86.ctex[39m[0m
[  45% ] [90m[1msavepack[22m | Storing File: res://art/frontier/v002/cache.png.import[39m[0m
[  45% ] [90m[1msavepack[22m | Storing File: res://.godot/imported/citizens-atlas.png-66646aa4285320588581ab29c926c71d.ctex[39m[0m
[  45% ] [90m[1msavepack[22m | Storing File: res://art/frontier/v002/citizens-atlas.png.import[39m[0m
[  46% ] [90m[1msavepack[22m | Storing File: res://.godot/imported/crops.png-6d6231d94264e7bbb161b62842a2445d.ctex[39m[0m
[  46% ] [90m[1msavepack[22m | Storing File: res://art/frontier/v002/crops.png.import[39m[0m
[  46% ] [90m[1msavepack[22m | Storing File: res://.godot/imported/crystal.png-1b7a54cd73525f1ef2f24c89619cbd19.ctex[39m[0m
[  46% ] [90m[1msavepack[22m | Storing File: res://art/frontier/v002/crystal.png.import[39m[0m
[  46% ] [90m[1msavepack[22m | Storing File: res://.godot/imported/deer.png-650adbddf553f3b97189c44b064681ba.ctex[39m[0m
[  46% ] [90m[1msavepack[22m | Storing File: res://art/frontier/v002/deer.png.import[39m[0m
[  46% ] [90m[1msavepack[22m | Storing File: res://.godot/imported/engineer-atlas.png-d4a57c323d2d31f06752ae40986e101f.ctex[39m[0m
[  46% ] [90m[1msavepack[22m | Storing File: res://art/frontier/v002/engineer-atlas.png.import[39m[0m
[  47% ] [90m[1msavepack[22m | Storing File: res://.godot/imported/forge.png-9b33aeec8551872bd7dd6b6696897766.ctex[39m[0m
[  47% ] [90m[1msavepack[22m | Storing File: res://art/frontier/v002/forge.png.import[39m[0m
[  47% ] [90m[1msavepack[22m | Storing File: res://.godot/imported/ground.png-8e637b387872ff2e740ecb485b3f0c17.ctex[39m[0m
[  47% ] [90m[1msavepack[22m | Storing File: res://art/frontier/v002/ground.png.import[39m[0m
[  47% ] [90m[1msavepack[22m | Storing File: res://.godot/imported/hall-1.png-6c4083bf70861200364a54c6396d6fd7.ctex[39m[0m
[  47% ] [90m[1msavepack[22m | Storing File: res://art/frontier/v002/hall-1.png.import[39m[0m
[  48% ] [90m[1msavepack[22m | Storing File: res://.godot/imported/hall-2.png-1894c0439d9befd747354ed60dc3bdb2.ctex[39m[0m
[  48% ] [90m[1msavepack[22m | Storing File: res://art/frontier/v002/hall-2.png.import[39m[0m
[  48% ] [90m[1msavepack[22m | Storing File: res://.godot/imported/hall-3.png-677a40e95ae26013380476baa548deda.ctex[39m[0m
[  48% ] [90m[1msavepack[22m | Storing File: res://art/frontier/v002/hall-3.png.import[39m[0m
[  48% ] [90m[1msavepack[22m | Storing File: res://.godot/imported/outpost.png-0e3c637403c7478b5a25ce62f5546fb1.ctex[39m[0m
[  48% ] [90m[1msavepack[22m | Storing File: res://art/frontier/v002/outpost.png.import[39m[0m
[  48% ] [90m[1msavepack[22m | Storing File: res://art/frontier/v002/recipe.json[39m[0m
[  49% ] [90m[1msavepack[22m | Storing File: res://.godot/imported/stump.png-6c7c141f7ecf781194e6ab22cb1cf00b.ctex[39m[0m
[  49% ] [90m[1msavepack[22m | Storing File: res://art/frontier/v002/stump.png.import[39m[0m
[  49% ] [90m[1msavepack[22m | Storing File: res://.godot/imported/tree-plain.png-abeab5c56fb85df22b67a90014be26dd.ctex[39m[0m
[  49% ] [90m[1msavepack[22m | Storing File: res://art/frontier/v002/tree-plain.png.import[39m[0m
[  49% ] [90m[1msavepack[22m | Storing File: res://.godot/imported/tree.png-6a36f47b6a7dd2818176d07660794cae.ctex[39m[0m
[  49% ] [90m[1msavepack[22m | Storing File: res://art/frontier/v002/tree.png.import[39m[0m
[  49% ] [90m[1msavepack[22m | Storing File: res://.godot/imported/wall.png-543f27de192e49ff6e8038e2b2f03ced.ctex[39m[0m
[  49% ] [90m[1msavepack[22m | Storing File: res://art/frontier/v002/wall.png.import[39m[0m
[  50% ] [90m[1msavepack[22m | Storing File: res://.godot/imported/woodland.png-9633653a3a779b3d003830c9f8e3cdaa.ctex[39m[0m
[  50% ] [90m[1msavepack[22m | Storing File: res://art/frontier/v002/woodland.png.import[39m[0m
[  50% ] [90m[1msavepack[22m | Storing File: res://.godot/imported/workshop.png-e9b852a108a4e09b9a37bc5fe245c6a4.ctex[39m[0m
[  50% ] [90m[1msavepack[22m | Storing File: res://art/frontier/v002/workshop.png.import[39m[0m
[  50% ] [90m[1msavepack[22m | Storing File: res://art/fonts/noto-sans-sc/OFL.txt[39m[0m
[  50% ] [90m[1msavepack[22m | Storing File: res://.godot/imported/arch.png-0f541f4faa7b236dd526963ad4a9fc1b.ctex[39m[0m
[  50% ] [90m[1msavepack[22m | Storing File: res://art/frontier/variety-v001/arch.png.import[39m[0m
[  51% ] [90m[1msavepack[22m | Storing File: res://.godot/imported/basalt.png-88a259c15f219916299259a285123b7c.ctex[39m[0m
[  51% ] [90m[1msavepack[22m | Storing File: res://art/frontier/variety-v001/basalt.png.import[39m[0m
[  51% ] [90m[1msavepack[22m | Storing File: res://.godot/imported/cedar.png-a5cd358b100ccf782419f63fe41d55f9.ctex[39m[0m
[  51% ] [90m[1msavepack[22m | Storing File: res://art/frontier/variety-v001/cedar.png.import[39m[0m
[  51% ] [90m[1msavepack[22m | Storing File: res://.godot/imported/dead_tree.png-25f40489c6a998ee1ff6e9bd54f7dece.ctex[39m[0m
[  51% ] [90m[1msavepack[22m | Storing File: res://art/frontier/variety-v001/dead_tree.png.import[39m[0m
[  51% ] [90m[1msavepack[22m | Storing File: res://.godot/imported/dragon_statue.png-5a1a0392ab85e9e870fcbfa5dfd3da04.ctex[39m[0m
[  51% ] [90m[1msavepack[22m | Storing File: res://art/frontier/variety-v001/dragon_statue.png.import[39m[0m
[  52% ] [90m[1msavepack[22m | Storing File: res://.godot/imported/ferns.png-b765e37d5199be79c9303868cef29057.ctex[39m[0m
[  52% ] [90m[1msavepack[22m | Storing File: res://art/frontier/variety-v001/ferns.png.import[39m[0m
[  52% ] [90m[1msavepack[22m | Storing File: res://.godot/imported/fir.png-9e64a2e457f1f560128456fc9c636ec1.ctex[39m[0m
[  52% ] [90m[1msavepack[22m | Storing File: res://art/frontier/variety-v001/fir.png.import[39m[0m
[  52% ] [90m[1msavepack[22m | Storing File: res://.godot/imported/gear.png-1a98777824bd18ffce60c4806d16b3e3.ctex[39m[0m
[  52% ] [90m[1msavepack[22m | Storing File: res://art/frontier/variety-v001/gear.png.import[39m[0m
[  53% ] [90m[1msavepack[22m | Storing File: res://.godot/imported/log.png-f966ad462792e3b3058ffdac0cdcb7d2.ctex[39m[0m
[  53% ] [90m[1msavepack[22m | Storing File: res://art/frontier/variety-v001/log.png.import[39m[0m
[  53% ] [90m[1msavepack[22m | Storing File: res://.godot/imported/mushrooms.png-aede961a4f2434ef1151d1e56a4e2aed.ctex[39m[0m
[  53% ] [90m[1msavepack[22m | Storing File: res://art/frontier/variety-v001/mushrooms.png.import[39m[0m
[  53% ] [90m[1msavepack[22m | Storing File: res://.godot/imported/oak.png-3385a31cd2476f76381404b30edbfac0.ctex[39m[0m
[  53% ] [90m[1msavepack[22m | Storing File: res://art/frontier/variety-v001/oak.png.import[39m[0m
[  53% ] [90m[1msavepack[22m | Storing File: res://.godot/imported/quartz.png-c780846d743121f126e8eda93cc26a44.ctex[39m[0m
[  53% ] [90m[1msavepack[22m | Storing File: res://art/frontier/variety-v001/quartz.png.import[39m[0m
[  54% ] [90m[1msavepack[22m | Storing File: res://.godot/exported/133200997/export-d5341e41f8af18d0e44fce4a6d3d0ef1-training.scn[39m[0m
[  54% ] [90m[1msavepack[22m | Storing File: res://presentation/settlement_view.gdc[39m[0m
[  54% ] [90m[1msavepack[22m | Storing File: res://.godot/exported/133200997/export-cc2f727180cd42d9c13434cb55b1ce69-platform.scn[39m[0m
[  54% ] [90m[1msavepack[22m | Storing File: res://presentation/settlement_hud.gdc[39m[0m
[  55% ] [90m[1msavepack[22m | Storing File: res://presentation/start_menu.gdc[39m[0m
[  55% ] [90m[1msavepack[22m | Storing File: res://.godot/imported/armory.png-c61fcefd9cac999170d46a1c650b9753.ctex[39m[0m
[  55% ] [90m[1msavepack[22m | Storing File: res://art/refuge/v001/armory.png.import[39m[0m
[  55% ] [90m[1msavepack[22m | Storing File: res://.godot/imported/beacon.png-4cec61fcdd64b891595897e0480323f3.ctex[39m[0m
[  55% ] [90m[1msavepack[22m | Storing File: res://art/refuge/v001/beacon.png.import[39m[0m
[  55% ] [90m[1msavepack[22m | Storing File: res://.godot/imported/berries.png-bfcf99a6c1da968f01c8b7397c56ab0d.ctex[39m[0m
[  55% ] [90m[1msavepack[22m | Storing File: res://art/refuge/v001/berries.png.import[39m[0m
[  56% ] [90m[1msavepack[22m | Storing File: res://.godot/imported/cache.png-ecb112e0f6596ecbb9ef4028a037df45.ctex[39m[0m
[  56% ] [90m[1msavepack[22m | Storing File: res://art/refuge/v001/cache.png.import[39m[0m
[  56% ] [90m[1msavepack[22m | Storing File: res://.godot/imported/campfire.png-5d06920138809eed8d0604cd476f5f74.ctex[39m[0m
[  56% ] [90m[1msavepack[22m | Storing File: res://art/refuge/v001/campfire.png.import[39m[0m
[  56% ] [90m[1msavepack[22m | Storing File: res://.godot/imported/chest-open.png-cfaaff34f00cf38af8ee76394cae6996.ctex[39m[0m
[  56% ] [90m[1msavepack[22m | Storing File: res://art/refuge/v001/chest-open.png.import[39m[0m
[  57% ] [90m[1msavepack[22m | Storing File: res://.godot/imported/citizens-atlas.png-46588c005cb0f869f665ae672f1ae1d1.ctex[39m[0m
[  57% ] [90m[1msavepack[22m | Storing File: res://art/refuge/v001/citizens-atlas.png.import[39m[0m
[  57% ] [90m[1msavepack[22m | Storing File: res://.godot/imported/crops.png-cb053eea391bf66089f112f003f5366e.ctex[39m[0m
[  57% ] [90m[1msavepack[22m | Storing File: res://art/refuge/v001/crops.png.import[39m[0m
[  57% ] [90m[1msavepack[22m | Storing File: res://.godot/imported/crystal.png-99fa661ffe7f2bfc3be2ec7cff664342.ctex[39m[0m
[  57% ] [90m[1msavepack[22m | Storing File: res://art/refuge/v001/crystal.png.import[39m[0m
[  57% ] [90m[1msavepack[22m | Storing File: res://.godot/imported/deer.png-39b346f876321e7800ca4d07e534ece6.ctex[39m[0m
[  57% ] [90m[1msavepack[22m | Storing File: res://art/refuge/v001/deer.png.import[39m[0m
[  58% ] [90m[1msavepack[22m | Storing File: res://.godot/imported/engineer-atlas.png-4836e39ffc3fffac0fa6a0038495c65b.ctex[39m[0m
[  58% ] [90m[1msavepack[22m | Storing File: res://art/refuge/v001/engineer-atlas.png.import[39m[0m
[  58% ] [90m[1msavepack[22m | Storing File: res://.godot/imported/forest.png-93abb80159da4257e123416e3c8a3b21.ctex[39m[0m
[  58% ] [90m[1msavepack[22m | Storing File: res://art/refuge/v001/forest.png.import[39m[0m
[  58% ] [90m[1msavepack[22m | Storing File: res://.godot/imported/forge.png-686babda2dc7befe8a3f884305ba7534.ctex[39m[0m
[  58% ] [90m[1msavepack[22m | Storing File: res://art/refuge/v001/forge.png.import[39m[0m
[  58% ] [90m[1msavepack[22m | Storing File: res://.godot/imported/ground.png-bcbd135f661e2d4606854e313e661fb0.ctex[39m[0m
[  58% ] [90m[1msavepack[22m | Storing File: res://art/refuge/v001/ground.png.import[39m[0m
[  59% ] [90m[1msavepack[22m | Storing File: res://.godot/imported/hall-1.png-d7da9964f49a9cee1ab3c6784e3c1b36.ctex[39m[0m
[  59% ] [90m[1msavepack[22m | Storing File: res://art/refuge/v001/hall-1.png.import[39m[0m
[  59% ] [90m[1msavepack[22m | Storing File: res://.godot/imported/hall-2.png-b95f77edda68ae1d52f50b27239ac785.ctex[39m[0m
[  59% ] [90m[1msavepack[22m | Storing File: res://art/refuge/v001/hall-2.png.import[39m[0m
[  59% ] [90m[1msavepack[22m | Storing File: res://.godot/imported/hall-3.png-8a5b926ba37370561ba26116bbed13f5.ctex[39m[0m
[  59% ] [90m[1msavepack[22m | Storing File: res://art/refuge/v001/hall-3.png.import[39m[0m
[  59% ] [90m[1msavepack[22m | Storing File: res://.godot/imported/herbs.png-1334a02c71d8d80d96a2f3c6130748bc.ctex[39m[0m
[  59% ] [90m[1msavepack[22m | Storing File: res://art/refuge/v001/herbs.png.import[39m[0m
[  60% ] [90m[1msavepack[22m | Storing File: res://.godot/imported/knight-attack.png-ef3f9d25469159c231c0084a785804d9.ctex[39m[0m
[  60% ] [90m[1msavepack[22m | Storing File: res://art/refuge/v001/knight-attack.png.import[39m[0m
[  60% ] [90m[1msavepack[22m | Storing File: res://.godot/imported/knight-dash.png-f9ae5a48e6c28df4a758341325d22455.ctex[39m[0m
[  60% ] [90m[1msavepack[22m | Storing File: res://art/refuge/v001/knight-dash.png.import[39m[0m
[  60% ] [90m[1msavepack[22m | Storing File: res://.godot/imported/knight-idle.png-9e39d67d3d1eeb7d1ffa04fc39a422ee.ctex[39m[0m
[  60% ] [90m[1msavepack[22m | Storing File: res://art/refuge/v001/knight-idle.png.import[39m[0m
[  61% ] [90m[1msavepack[22m | Storing File: res://.godot/imported/knight-jump.png-4b71e7d819a9639818da9bbfb2726da1.ctex[39m[0m
[  61% ] [90m[1msavepack[22m | Storing File: res://art/refuge/v001/knight-jump.png.import[39m[0m
[  61% ] [90m[1msavepack[22m | Storing File: res://.godot/imported/knight-run-old.png-a5930fa49db7bae65ac01fbe4b8d045a.ctex[39m[0m
[  61% ] [90m[1msavepack[22m | Storing File: res://art/refuge/v001/knight-run-old.png.import[39m[0m
[  61% ] [90m[1msavepack[22m | Storing File: res://.godot/imported/knight-run.png-bf6eec29fa695fab80485f4cd722af4a.ctex[39m[0m
[  61% ] [90m[1msavepack[22m | Storing File: res://art/refuge/v001/knight-run.png.import[39m[0m
[  61% ] [90m[1msavepack[22m | Storing File: res://.godot/imported/outpost.png-d2f89287432ee532e0faec2746e5213e.ctex[39m[0m
[  61% ] [90m[1msavepack[22m | Storing File: res://art/refuge/v001/outpost.png.import[39m[0m
[  62% ] [90m[1msavepack[22m | Storing File: res://.godot/imported/plot.png-d502c36569f520f57ab65775465d39ed.ctex[39m[0m
[  62% ] [90m[1msavepack[22m | Storing File: res://art/refuge/v001/plot.png.import[39m[0m
[  62% ] [90m[1msavepack[22m | Storing File: res://.godot/imported/relay.png-506ad9caea4977559ae99154546e133e.ctex[39m[0m
[  62% ] [90m[1msavepack[22m | Storing File: res://art/refuge/v001/relay.png.import[39m[0m
[  62% ] [90m[1msavepack[22m | Storing File: res://.godot/imported/skyline.png-40221063f247e31383b4297f755f9ffe.ctex[39m[0m
[  62% ] [90m[1msavepack[22m | Storing File: res://art/refuge/v001/skyline.png.import[39m[0m
[  62% ] [90m[1msavepack[22m | Storing File: res://.godot/imported/stone.png-fbf6187bbda93eb84be487b8a610b34a.ctex[39m[0m
[  62% ] [90m[1msavepack[22m | Storing File: res://art/refuge/v001/stone.png.import[39m[0m
[  63% ] [90m[1msavepack[22m | Storing File: res://.godot/imported/stump.png-8adf19be2ccf60af83551bf8f3a9d881.ctex[39m[0m
[  63% ] [90m[1msavepack[22m | Storing File: res://art/refuge/v001/stump.png.import[39m[0m
[  63% ] [90m[1msavepack[22m | Storing File: res://.godot/imported/tree-plain.png-7954cdc8e2792f4e75b04d2efc190323.ctex[39m[0m
[  63% ] [90m[1msavepack[22m | Storing File: res://art/refuge/v001/tree-plain.png.import[39m[0m
[  63% ] [90m[1msavepack[22m | Storing File: res://.godot/imported/tree.png-cad1e1888e94cf19cbd18094612eaa1c.ctex[39m[0m
[  63% ] [90m[1msavepack[22m | Storing File: res://art/refuge/v001/tree.png.import[39m[0m
[  63% ] [90m[1msavepack[22m | Storing File: res://.godot/imported/wall.png-ad24f072a0f9d352bf51f38ddc1c4051.ctex[39m[0m
[  63% ] [90m[1msavepack[22m | Storing File: res://art/refuge/v001/wall.png.import[39m[0m
[  64% ] [90m[1msavepack[22m | Storing File: res://.godot/imported/wanderer-idle.png-a6463ca6fba1d2a1b4a866e72b87622b.ctex[39m[0m
[  64% ] [90m[1msavepack[22m | Storing File: res://art/refuge/v001/wanderer-idle.png.import[39m[0m
[  64% ] [90m[1msavepack[22m | Storing File: res://.godot/imported/workshop.png-8d5c721b1bad7a506014bfb006994390.ctex[39m[0m
[  64% ] [90m[1msavepack[22m | Storing File: res://art/refuge/v001/workshop.png.import[39m[0m
[  64% ] [90m[1msavepack[22m | Storing File: res://.godot/imported/bag.svg-d70a6e298ad031df9063314d8ca2f141.ctex[39m[0m
[  64% ] [90m[1msavepack[22m | Storing File: res://art/ui/v001/bag.svg.import[39m[0m
[  64% ] [90m[1msavepack[22m | Storing File: res://.godot/imported/book.svg-f7eb5cbc01ba7614cf0b18171fa2d5e3.ctex[39m[0m
[  64% ] [90m[1msavepack[22m | Storing File: res://art/ui/v001/book.svg.import[39m[0m
[  65% ] [90m[1msavepack[22m | Storing File: res://.godot/imported/bow.svg-1c5dd26149ef04cf94d22575507b2f90.ctex[39m[0m
[  65% ] [90m[1msavepack[22m | Storing File: res://art/ui/v001/bow.svg.import[39m[0m
[  65% ] [90m[1msavepack[22m | Storing File: res://.godot/imported/camp.svg-fb0b19f37338f7885df44c95b35b277a.ctex[39m[0m
[  65% ] [90m[1msavepack[22m | Storing File: res://art/ui/v001/camp.svg.import[39m[0m
[  65% ] [90m[1msavepack[22m | Storing File: res://.godot/imported/check.svg-9ab5ef7710cee6f0cd08244d350cc08e.ctex[39m[0m
[  65% ] [90m[1msavepack[22m | Storing File: res://art/ui/v001/check.svg.import[39m[0m
[  66% ] [90m[1msavepack[22m | Storing File: res://.godot/imported/chest.svg-4b17a7cf4fed33dc9eef8b8d8be3e880.ctex[39m[0m
[  66% ] [90m[1msavepack[22m | Storing File: res://art/ui/v001/chest.svg.import[39m[0m
[  66% ] [90m[1msavepack[22m | Storing File: res://.godot/imported/crown.svg-2945640ee0fdc89ea483071adcc1a3f9.ctex[39m[0m
[  66% ] [90m[1msavepack[22m | Storing File: res://art/ui/v001/crown.svg.import[39m[0m
[  66% ] [90m[1msavepack[22m | Storing File: res://.godot/imported/crystal.svg-17ad2d1c81d9817aa559e8d0310d7cdb.ctex[39m[0m
[  66% ] [90m[1msavepack[22m | Storing File: res://art/ui/v001/crystal.svg.import[39m[0m
[  66% ] [90m[1msavepack[22m | Storing File: res://.godot/imported/dash.svg-3f89fd6483894aef15e6f7d07d699aa7.ctex[39m[0m
[  66% ] [90m[1msavepack[22m | Storing File: res://art/ui/v001/dash.svg.import[39m[0m
[  66% ] [90m[1msavepack[22m | Storing File: res://.godot/imported/drop.svg-df7734814b5266a3b3d4f487b7617557.ctex[39m[0m
[  66% ] [90m[1msavepack[22m | Storing File: res://art/ui/v001/drop.svg.import[39m[0m
[  66% ] [90m[1msavepack[22m | Storing File: res://.godot/imported/food.svg-2310cf8239cb851e01e2a00b00c1eb30.ctex[39m[0m
[  66% ] [90m[1msavepack[22m | Storing File: res://art/ui/v001/food.svg.import[39m[0m
[  66% ] [90m[1msavepack[22m | Storing File: res://.godot/imported/fullscreen.svg-1e55d5f2a2182d9c353740d073991c4d.ctex[39m[0m
[  66% ] [90m[1msavepack[22m | Storing File: res://art/ui/v001/fullscreen.svg.import[39m[0m
[  66% ] [90m[1msavepack[22m | Storing File: res://.godot/imported/gear.svg-fbf9e19d7604475cd3da19a991c69243.ctex[39m[0m
[  66% ] [90m[1msavepack[22m | Storing File: res://art/ui/v001/gear.svg.import[39m[0m
[  67% ] [90m[1msavepack[22m | Storing File: res://.godot/imported/hammer.svg-ff364884ff73b1f8857d247675d1f6fe.ctex[39m[0m
[  67% ] [90m[1msavepack[22m | Storing File: res://art/ui/v001/hammer.svg.import[39m[0m
[  67% ] [90m[1msavepack[22m | Storing File: res://.godot/imported/hand.svg-c8de140ee26f61b1f3170772dffa9fdc.ctex[39m[0m
[  67% ] [90m[1msavepack[22m | Storing File: res://art/ui/v001/hand.svg.import[39m[0m
[  67% ] [90m[1msavepack[22m | Storing File: res://.godot/imported/heal.svg-1e62d24015a096678bbb9b967720a09e.ctex[39m[0m
[  67% ] [90m[1msavepack[22m | Storing File: res://art/ui/v001/heal.svg.import[39m[0m
[  67% ] [90m[1msavepack[22m | Storing File: res://.godot/imported/heart.svg-9b20dafc50ccecb53836ac022b0cd6f5.ctex[39m[0m
[  67% ] [90m[1msavepack[22m | Storing File: res://art/ui/v001/heart.svg.import[39m[0m
[  68% ] [90m[1msavepack[22m | Storing File: res://.godot/imported/herbs.svg-116cf9f4496fbeb63bcc92bf1706d60d.ctex[39m[0m
[  68% ] [90m[1msavepack[22m | Storing File: res://art/ui/v001/herbs.svg.import[39m[0m
[  68% ] [90m[1msavepack[22m | Storing File: res://.godot/imported/hoe.svg-de0024034efd5420f7698ff590524e36.ctex[39m[0m
[  68% ] [90m[1msavepack[22m | Storing File: res://art/ui/v001/hoe.svg.import[39m[0m
[  68% ] [90m[1msavepack[22m | Storing File: res://.godot/imported/jump.svg-98cad2df9dd890f3a3f814e4aee4d42a.ctex[39m[0m
[  68% ] [90m[1msavepack[22m | Storing File: res://art/ui/v001/jump.svg.import[39m[0m
[  69% ] [90m[1msavepack[22m | Storing File: res://.godot/imported/left.svg-9e576f6f3d5cfac75574e7b1264978e2.ctex[39m[0m
[  69% ] [90m[1msavepack[22m | Storing File: res://art/ui/v001/left.svg.import[39m[0m
[  69% ] [90m[1msavepack[22m | Storing File: res://.godot/imported/lock.svg-022c40141dd9053d29da4233814c1c61.ctex[39m[0m
[  69% ] [90m[1msavepack[22m | Storing File: res://art/ui/v001/lock.svg.import[39m[0m
[  69% ] [90m[1msavepack[22m | Storing File: res://.godot/imported/map.svg-ba583517f48b68e9a8f12a5d4e210ab4.ctex[39m[0m
[  69% ] [90m[1msavepack[22m | Storing File: res://art/ui/v001/map.svg.import[39m[0m
[  69% ] [90m[1msavepack[22m | Storing File: res://.godot/imported/moon.svg-7d4a444cb29c5ab11a15c142a9026b80.ctex[39m[0m
[  69% ] [90m[1msavepack[22m | Storing File: res://art/ui/v001/moon.svg.import[39m[0m
[  70% ] [90m[1msavepack[22m | Storing File: res://.godot/imported/music.svg-d9b30040c07ca90701338ef9fc6162a7.ctex[39m[0m
[  70% ] [90m[1msavepack[22m | Storing File: res://art/ui/v001/music.svg.import[39m[0m
[  70% ] [90m[1msavepack[22m | Storing File: res://.godot/imported/muted.svg-7637bc4993df6242a9d8a258833a4549.ctex[39m[0m
[  70% ] [90m[1msavepack[22m | Storing File: res://art/ui/v001/muted.svg.import[39m[0m
[  70% ] [90m[1msavepack[22m | Storing File: res://.godot/imported/outpost.svg-a3ca09626aec030beb39e9fbc8b46c5d.ctex[39m[0m
[  70% ] [90m[1msavepack[22m | Storing File: res://art/ui/v001/outpost.svg.import[39m[0m
[  70% ] [90m[1msavepack[22m | Storing File: res://.godot/imported/pause.svg-5b0fe4d764398017393d1850ca862f7b.ctex[39m[0m
[  70% ] [90m[1msavepack[22m | Storing File: res://art/ui/v001/pause.svg.import[39m[0m
[  71% ] [90m[1msavepack[22m | Storing File: res://.godot/imported/person.svg-d0e7e731c701e4f5287cc64ca602b211.ctex[39m[0m
[  71% ] [90m[1msavepack[22m | Storing File: res://art/ui/v001/person.svg.import[39m[0m
[  71% ] [90m[1msavepack[22m | Storing File: res://.godot/imported/pickaxe.svg-6d137e0f581e674a9e7c956485ecebe6.ctex[39m[0m
[  71% ] [90m[1msavepack[22m | Storing File: res://art/ui/v001/pickaxe.svg.import[39m[0m
[  71% ] [90m[1msavepack[22m | Storing File: res://.godot/imported/play.svg-05864373d2141cf5b0e166132a724b73.ctex[39m[0m
[  71% ] [90m[1msavepack[22m | Storing File: res://art/ui/v001/play.svg.import[39m[0m
[  71% ] [90m[1msavepack[22m | Storing File: res://.godot/imported/restart.svg-c1102a8b6dce1bad6e4c5673799e4184.ctex[39m[0m
[  71% ] [90m[1msavepack[22m | Storing File: res://art/ui/v001/restart.svg.import[39m[0m
[  72% ] [90m[1msavepack[22m | Storing File: res://.godot/imported/restore.svg-2b3eb2f46421c4ef6b0ae7be4852691f.ctex[39m[0m
[  72% ] [90m[1msavepack[22m | Storing File: res://art/ui/v001/restore.svg.import[39m[0m
[  72% ] [90m[1msavepack[22m | Storing File: res://.godot/imported/rift.svg-a2d8620e1829738a7d42cb15f3caf5b2.ctex[39m[0m
[  72% ] [90m[1msavepack[22m | Storing File: res://art/ui/v001/rift.svg.import[39m[0m
[  72% ] [90m[1msavepack[22m | Storing File: res://.godot/imported/right.svg-f10009ec6cdaf514b2425c5686b3832f.ctex[39m[0m
[  72% ] [90m[1msavepack[22m | Storing File: res://art/ui/v001/right.svg.import[39m[0m
[  73% ] [90m[1msavepack[22m | Storing File: res://.godot/imported/save.svg-5e5d596ca051d56ef373e108c6684a39.ctex[39m[0m
[  73% ] [90m[1msavepack[22m | Storing File: res://art/ui/v001/save.svg.import[39m[0m
[  73% ] [90m[1msavepack[22m | Storing File: res://.godot/imported/save_retry.svg-a6267f98d50886bb26f70538e9343c7a.ctex[39m[0m
[  73% ] [90m[1msavepack[22m | Storing File: res://art/ui/v001/save_retry.svg.import[39m[0m
[  73% ] [90m[1msavepack[22m | Storing File: res://.godot/imported/scrap.svg-f322a6bf7a46aa03eec800dc8df78744.ctex[39m[0m
[  73% ] [90m[1msavepack[22m | Storing File: res://art/ui/v001/scrap.svg.import[39m[0m
[  73% ] [90m[1msavepack[22m | Storing File: res://.godot/imported/shield.svg-de0cecf3eca3b55170beeae983889962.ctex[39m[0m
[  73% ] [90m[1msavepack[22m | Storing File: res://art/ui/v001/shield.svg.import[39m[0m
[  74% ] [90m[1msavepack[22m | Storing File: res://.godot/imported/skull.svg-94ddb308e34a037525e12bd356e9b71e.ctex[39m[0m
[  74% ] [90m[1msavepack[22m | Storing File: res://art/ui/v001/skull.svg.import[39m[0m
[  74% ] [90m[1msavepack[22m | Storing File: res://.godot/imported/sound.svg-5f57b313dab5dcc8a183d3ec6d8c9194.ctex[39m[0m
[  74% ] [90m[1msavepack[22m | Storing File: res://art/ui/v001/sound.svg.import[39m[0m
[  74% ] [90m[1msavepack[22m | Storing File: res://.godot/imported/stone.svg-aeac2a0ac3f5979963d4bbc208eb7385.ctex[39m[0m
[  74% ] [90m[1msavepack[22m | Storing File: res://art/ui/v001/stone.svg.import[39m[0m
[  74% ] [90m[1msavepack[22m | Storing File: res://.godot/imported/sun.svg-b7648ef10853efa9ce83f9a2dd958ebd.ctex[39m[0m
[  74% ] [90m[1msavepack[22m | Storing File: res://art/ui/v001/sun.svg.import[39m[0m
[  75% ] [90m[1msavepack[22m | Storing File: res://.godot/imported/survived.svg-53c9fb830070815d0bb3ce4537e61cf7.ctex[39m[0m
[  75% ] [90m[1msavepack[22m | Storing File: res://art/ui/v001/survived.svg.import[39m[0m
[  75% ] [90m[1msavepack[22m | Storing File: res://.godot/imported/sword.svg-90812a64d9c460e7d351d0a7fc2c5160.ctex[39m[0m
[  75% ] [90m[1msavepack[22m | Storing File: res://art/ui/v001/sword.svg.import[39m[0m
[  75% ] [90m[1msavepack[22m | Storing File: res://.godot/imported/trade.svg-6487c044b8c35d9244882184773e4b46.ctex[39m[0m
[  75% ] [90m[1msavepack[22m | Storing File: res://art/ui/v001/trade.svg.import[39m[0m
[  75% ] [90m[1msavepack[22m | Storing File: res://.godot/imported/tree.svg-1372d898c11072c60faa2a2cdb927cc0.ctex[39m[0m
[  75% ] [90m[1msavepack[22m | Storing File: res://art/ui/v001/tree.svg.import[39m[0m
[  76% ] [90m[1msavepack[22m | Storing File: res://.godot/imported/wall.svg-3aa3bd0d68e055650252c2b7a4c0b22b.ctex[39m[0m
[  76% ] [90m[1msavepack[22m | Storing File: res://art/ui/v001/wall.svg.import[39m[0m
[  76% ] [90m[1msavepack[22m | Storing File: res://.godot/imported/wood.svg-dae30b35398d84c0a8123d286d6a33fb.ctex[39m[0m
[  76% ] [90m[1msavepack[22m | Storing File: res://art/ui/v001/wood.svg.import[39m[0m
[  76% ] [90m[1msavepack[22m | Storing File: res://.godot/imported/app-icon.svg-308cfa5c5a07bd51bdbb66070c6b42c9.ctex[39m[0m
[  76% ] [90m[1msavepack[22m | Storing File: res://art/ui/app-icon.svg.import[39m[0m
[  76% ] [90m[1msavepack[22m | Storing File: res://bootstrap/frontier_root.gdc[39m[0m
[  77% ] [90m[1msavepack[22m | Storing File: res://bootstrap/localization.gdc[39m[0m
[  77% ] [90m[1msavepack[22m | Storing File: res://bootstrap/refuge_root.gdc[39m[0m
[  77% ] [90m[1msavepack[22m | Storing File: res://bootstrap/settlement_root.gdc[39m[0m
[  78% ] [90m[1msavepack[22m | Storing File: res://bootstrap/start_menu_root.gdc[39m[0m
[  78% ] [90m[1msavepack[22m | Storing File: res://bootstrap/training_root.gdc[39m[0m
[  78% ] [90m[1msavepack[22m | Storing File: res://bootstrap/tuning_mapper.gdc[39m[0m
[  78% ] [90m[1msavepack[22m | Storing File: res://data/actor_tuning.gdc[39m[0m
[  79% ] [90m[1msavepack[22m | Storing File: res://.godot/exported/133200997/export-65d96a09f340f9113d3c0dab638535c4-campaign.res[39m[0m
[  79% ] [90m[1msavepack[22m | Storing File: res://data/campaign_tuning.gdc[39m[0m
[  79% ] [90m[1msavepack[22m | Storing File: res://data/combo_motion.gdc[39m[0m
[  79% ] [90m[1msavepack[22m | Storing File: res://.godot/exported/133200997/export-d64a35d85ad4b9fa33553fbd377a60b1-cyber_frontier_art.res[39m[0m
[  80% ] [90m[1msavepack[22m | Storing File: res://.godot/exported/133200997/export-694e475d677b8319a203e50705717ab9-eightbit_frontier_art.res[39m[0m
[  80% ] [90m[1msavepack[22m | Storing File: res://.godot/exported/133200997/export-4559db07b508b971e7bf2730500bdc60-expedition_knight.res[39m[0m
[  80% ] [90m[1msavepack[22m | Storing File: res://.godot/exported/133200997/export-d4ca015a83c3dfa8b0ad07f5c11a8243-frontier.res[39m[0m
[  80% ] [90m[1msavepack[22m | Storing File: res://data/frontier_art.gdc[39m[0m
[  81% ] [90m[1msavepack[22m | Storing File: res://.godot/exported/133200997/export-8a1d220131b97be4ee7c1dfe65af68f9-frontier_art.res[39m[0m
[  81% ] [90m[1msavepack[22m | Storing File: res://data/frontier_tuning.gdc[39m[0m
[  81% ] [90m[1msavepack[22m | Storing File: res://.godot/exported/133200997/export-d929b43a88fceccac45367adf1185c4f-knight.res[39m[0m
[  82% ] [90m[1msavepack[22m | Storing File: res://.godot/exported/133200997/export-4d0b114b47e7b0dcaabe6eaa1fe2d055-knight_animation_frames.res[39m[0m
[  82% ] [90m[1msavepack[22m | Storing File: res://data/knight_combo.gdc[39m[0m
[  82% ] [90m[1msavepack[22m | Storing File: res://.godot/exported/133200997/export-db9c250094304d587e7f6b6ea320928f-knight_combo.res[39m[0m
[  82% ] [90m[1msavepack[22m | Storing File: res://.godot/exported/133200997/export-20cddbb956250f207cdc4592589815d7-knight_combo_motion.res[39m[0m
[  83% ] [90m[1msavepack[22m | Storing File: res://.godot/exported/133200997/export-0d5681516fc88735f188598817d9651f-knight_idle_frames.res[39m[0m
[  83% ] [90m[1msavepack[22m | Storing File: res://.godot/exported/133200997/export-07fcfdcf2086d50226956fb031b4d620-knight_motion_frames.res[39m[0m
[  83% ] [90m[1msavepack[22m | Storing File: res://.godot/exported/133200997/export-30e636be3b6e1ec3fd488de66b5a9889-refuge.res[39m[0m
[  83% ] [90m[1msavepack[22m | Storing File: res://.godot/exported/133200997/export-a58b69a056dc52c5b958e3ca0917f45d-refuge_art.res[39m[0m
[  84% ] [90m[1msavepack[22m | Storing File: res://data/refuge_tuning.gdc[39m[0m
[  84% ] [90m[1msavepack[22m | Storing File: res://.godot/exported/133200997/export-00a29db5e07644825fc5df8096021129-sentinel.res[39m[0m
[  84% ] [90m[1msavepack[22m | Storing File: res://.godot/exported/133200997/export-7bea0c21cc2f1b4ed737caf403637f61-sentinel_animation_frames.res[39m[0m
[  84% ] [90m[1msavepack[22m | Storing File: res://.godot/exported/133200997/export-1f2275df79d9c7aa06343672ac3c7fd7-settlement.res[39m[0m
[  85% ] [90m[1msavepack[22m | Storing File: res://data/settlement_tuning.gdc[39m[0m
[  85% ] [90m[1msavepack[22m | Storing File: res://presentation/rift_visual.gdc[39m[0m
[  85% ] [90m[1msavepack[22m | Storing File: res://presentation/refuge_scenery.gdc[39m[0m
[  86% ] [90m[1msavepack[22m | Storing File: res://presentation/resident_motion.gdc[39m[0m
[  86% ] [90m[1msavepack[22m | Storing File: res://presentation/refuge_panel.gdc[39m[0m
[  86% ] [90m[1msavepack[22m | Storing File: res://presentation/refuge_residents.gdc[39m[0m
[  86% ] [90m[1msavepack[22m | Storing File: res://infrastructure/json_campaign_store.gdc[39m[0m
[  87% ] [90m[1msavepack[22m | Storing File: res://domain/frontier_ecology.gdc[39m[0m
[  87% ] [90m[1msavepack[22m | Storing File: res://presentation/knight_visual.gdc[39m[0m
[  87% ] [90m[1msavepack[22m | Storing File: res://domain/campaign_mission.gdc[39m[0m
[  87% ] [90m[1msavepack[22m | Storing File: res://presentation/frontier_details.gdc[39m[0m
[  88% ] [90m[1msavepack[22m | Storing File: res://presentation/input_adapter.gdc[39m[0m
[  88% ] [90m[1msavepack[22m | Storing File: res://domain/crystal_allocation.gdc[39m[0m
[  88% ] [90m[1msavepack[22m | Storing File: res://presentation/platform_body.gdc[39m[0m
[  88% ] [90m[1msavepack[22m | Storing File: res://infrastructure/language_preferences.gdc[39m[0m
[  89% ] [90m[1msavepack[22m | Storing File: res://presentation/fighter_visual.gdc[39m[0m
[  89% ] [90m[1msavepack[22m | Storing File: res://infrastructure/campaign_catalog.gdc[39m[0m
[  89% ] [90m[1msavepack[22m | Storing File: res://presentation/campaign_audio.gdc[39m[0m
[  89% ] [90m[1msavepack[22m | Storing File: res://presentation/campaign_guide_view.gdc[39m[0m
[  90% ] [90m[1msavepack[22m | Storing File: res://domain/combat_stats.gdc[39m[0m
[  90% ] [90m[1msavepack[22m | Storing File: res://presentation/hit_reaction.gdc[39m[0m
[  90% ] [90m[1msavepack[22m | Storing File: res://infrastructure/memory_progress_store.gdc[39m[0m
[  91% ] [90m[1msavepack[22m | Storing File: res://presentation/icon_dashboard.gdc[39m[0m
[  91% ] [90m[1msavepack[22m | Storing File: res://presentation/campaign_hud.gdc[39m[0m
[  91% ] [90m[1msavepack[22m | Storing File: res://domain/knight_growth.gdc[39m[0m
[  91% ] [90m[1msavepack[22m | Storing File: res://presentation/frontier_hud.gdc[39m[0m
[  92% ] [90m[1msavepack[22m | Storing File: res://localization/game_text.gdc[39m[0m
[  92% ] [90m[1msavepack[22m | Storing File: res://presentation/campaign_audio_cues.gdc[39m[0m
[  92% ] [90m[1msavepack[22m | Storing File: res://presentation/localized_font.gdc[39m[0m
[  92% ] [90m[1msavepack[22m | Storing File: res://domain/frontier_defenses.gdc[39m[0m
[  93% ] [90m[1msavepack[22m | Storing File: res://domain/frontier.gdc[39m[0m
[  93% ] [90m[1msavepack[22m | Storing File: res://domain/campaign_clock.gdc[39m[0m
[  93% ] [90m[1msavepack[22m | Storing File: res://domain/resident_schedule.gdc[39m[0m
[  93% ] [90m[1msavepack[22m | Storing File: res://presentation/knight_equipment.gdshader[39m[0m
[  94% ] [90m[1msavepack[22m | Storing File: res://presentation/language_selector.gdc[39m[0m
[  94% ] [90m[1msavepack[22m | Storing File: res://presentation/frontier_controls.gdc[39m[0m
[  94% ] [90m[1msavepack[22m | Storing File: res://domain/harvest_node.gdc[39m[0m
[  95% ] [90m[1msavepack[22m | Storing File: res://presentation/arena_view.gdc[39m[0m
[  95% ] [90m[1msavepack[22m | Storing File: res://domain/settlement.gdc[39m[0m
[  95% ] [90m[1msavepack[22m | Storing File: res://presentation/campaign_hit_feedback.gdc[39m[0m
[  95% ] [90m[1msavepack[22m | Storing File: res://presentation/campaign_options.gdc[39m[0m
[  96% ] [90m[1msavepack[22m | Storing File: res://domain/crystal_pouch.gdc[39m[0m
[  96% ] [90m[1msavepack[22m | Storing File: res://domain/resident_roaming.gdc[39m[0m
[  96% ] [90m[1msavepack[22m | Storing File: res://presentation/campaign_view.gdc[39m[0m
[  96% ] [90m[1msavepack[22m | Storing File: res://presentation/frontier_view.gdc[39m[0m
[  97% ] [90m[1msavepack[22m | Storing File: res://presentation/campaign_layout.gdc[39m[0m
[  97% ] [90m[1msavepack[22m | Storing File: res://presentation/actor_body.gdc[39m[0m
[  97% ] [90m[1msavepack[22m | Storing File: res://infrastructure/audio_preferences.gdc[39m[0m
[  97% ] [90m[1msavepack[22m | Storing File: res://presentation/ambient_motion.gdc[39m[0m
[  98% ] [90m[1msavepack[22m | Storing File: res://infrastructure/json_progress_store.gdc[39m[0m
[  98% ] [90m[1msavepack[22m | Storing File: res://domain/combatant.gdc[39m[0m
[  98% ] [90m[1msavepack[22m | Storing File: res://presentation/impact_view.gdc[39m[0m
[  98% ] [90m[1msavepack[22m | Storing File: res://application/ports/campaign_store.gd.remap[39m[0m
[  98% ] [90m[1msavepack[22m | Storing File: res://application/ports/progress_store.gd.remap[39m[0m
[  98% ] [90m[1msavepack[22m | Storing File: res://application/campaign_checkpoint_rules.gd.remap[39m[0m
[  98% ] [90m[1msavepack[22m | Storing File: res://application/campaign_guide.gd.remap[39m[0m
[  98% ] [90m[1msavepack[22m | Storing File: res://application/campaign_progress.gd.remap[39m[0m
[  98% ] [90m[1msavepack[22m | Storing File: res://application/campaign_record.gd.remap[39m[0m
[  98% ] [90m[1msavepack[22m | Storing File: res://application/campaign_session.gd.remap[39m[0m
[  98% ] [90m[1msavepack[22m | Storing File: res://application/campaign_snapshot.gd.remap[39m[0m
[  98% ] [90m[1msavepack[22m | Storing File: res://application/expedition_guide.gd.remap[39m[0m
[  98% ] [90m[1msavepack[22m | Storing File: res://application/frontier_session.gd.remap[39m[0m
[  98% ] [90m[1msavepack[22m | Storing File: res://application/frontier_workforce.gd.remap[39m[0m
[  98% ] [90m[1msavepack[22m | Storing File: res://application/investment_hold.gd.remap[39m[0m
[  98% ] [90m[1msavepack[22m | Storing File: res://application/language_choice.gd.remap[39m[0m
[  98% ] [90m[1msavepack[22m | Storing File: res://application/refuge_session.gd.remap[39m[0m
[  98% ] [90m[1msavepack[22m | Storing File: res://application/rift_workforce.gd.remap[39m[0m
[  98% ] [90m[1msavepack[22m | Storing File: res://application/settlement_session.gd.remap[39m[0m
[  98% ] [90m[1msavepack[22m | Storing File: res://application/training_session.gd.remap[39m[0m
[  98% ] [90m[1msavepack[22m | Storing File: res://presentation/spirit_motion.gd.remap[39m[0m
[  98% ] [90m[1msavepack[22m | Storing File: res://scenes/start_menu.tscn.remap[39m[0m
[  98% ] [90m[1msavepack[22m | Storing File: res://scenes/knight_visual.tscn.remap[39m[0m
[  98% ] [90m[1msavepack[22m | Storing File: res://scenes/refuge.tscn.remap[39m[0m
[  98% ] [90m[1msavepack[22m | Storing File: res://presentation/ui_icons.gd.remap[39m[0m
[  98% ] [90m[1msavepack[22m | Storing File: res://scenes/sentinel_visual.tscn.remap[39m[0m
[  98% ] [90m[1msavepack[22m | Storing File: res://scenes/frontier.tscn.remap[39m[0m
[  98% ] [90m[1msavepack[22m | Storing File: res://presentation/web_player_guide.gd.remap[39m[0m
[  98% ] [90m[1msavepack[22m | Storing File: res://scenes/settlement.tscn.remap[39m[0m
[  98% ] [90m[1msavepack[22m | Storing File: res://scenes/training_hud.tscn.remap[39m[0m
[  98% ] [90m[1msavepack[22m | Storing File: res://presentation/settlement_controls.gd.remap[39m[0m
[  98% ] [90m[1msavepack[22m | Storing File: res://presentation/sentinel_visual.gd.remap[39m[0m
[  98% ] [90m[1msavepack[22m | Storing File: res://presentation/training_hud.gd.remap[39m[0m
[  98% ] [90m[1msavepack[22m | Storing File: res://scenes/actor.tscn.remap[39m[0m
[  98% ] [90m[1msavepack[22m | Storing File: res://scenes/training.tscn.remap[39m[0m
[  98% ] [90m[1msavepack[22m | Storing File: res://presentation/settlement_view.gd.remap[39m[0m
[  98% ] [90m[1msavepack[22m | Storing File: res://scenes/platform.tscn.remap[39m[0m
[  98% ] [90m[1msavepack[22m | Storing File: res://presentation/settlement_hud.gd.remap[39m[0m
[  98% ] [90m[1msavepack[22m | Storing File: res://presentation/start_menu.gd.remap[39m[0m
[  98% ] [90m[1msavepack[22m | Storing File: res://bootstrap/frontier_root.gd.remap[39m[0m
[  98% ] [90m[1msavepack[22m | Storing File: res://bootstrap/localization.gd.remap[39m[0m
[  98% ] [90m[1msavepack[22m | Storing File: res://bootstrap/refuge_root.gd.remap[39m[0m
[  98% ] [90m[1msavepack[22m | Storing File: res://bootstrap/settlement_root.gd.remap[39m[0m
[  98% ] [90m[1msavepack[22m | Storing File: res://bootstrap/start_menu_root.gd.remap[39m[0m
[  98% ] [90m[1msavepack[22m | Storing File: res://bootstrap/training_root.gd.remap[39m[0m
[  98% ] [90m[1msavepack[22m | Storing File: res://bootstrap/tuning_mapper.gd.remap[39m[0m
[  98% ] [90m[1msavepack[22m | Storing File: res://data/actor_tuning.gd.remap[39m[0m
[  98% ] [90m[1msavepack[22m | Storing File: res://data/campaign.tres.remap[39m[0m
[  98% ] [90m[1msavepack[22m | Storing File: res://data/campaign_tuning.gd.remap[39m[0m
[  98% ] [90m[1msavepack[22m | Storing File: res://data/combo_motion.gd.remap[39m[0m
[  98% ] [90m[1msavepack[22m | Storing File: res://data/cyber_frontier_art.tres.remap[39m[0m
[  98% ] [90m[1msavepack[22m | Storing File: res://data/eightbit_frontier_art.tres.remap[39m[0m
[  98% ] [90m[1msavepack[22m | Storing File: res://data/expedition_knight.tres.remap[39m[0m
[  98% ] [90m[1msavepack[22m | Storing File: res://data/frontier.tres.remap[39m[0m
[  98% ] [90m[1msavepack[22m | Storing File: res://data/frontier_art.gd.remap[39m[0m
[  98% ] [90m[1msavepack[22m | Storing File: res://data/frontier_art.tres.remap[39m[0m
[  98% ] [90m[1msavepack[22m | Storing File: res://data/frontier_tuning.gd.remap[39m[0m
[  98% ] [90m[1msavepack[22m | Storing File: res://data/knight.tres.remap[39m[0m
[  98% ] [90m[1msavepack[22m | Storing File: res://data/knight_animation_frames.tres.remap[39m[0m
[  98% ] [90m[1msavepack[22m | Storing File: res://data/knight_combo.gd.remap[39m[0m
[  98% ] [90m[1msavepack[22m | Storing File: res://data/knight_combo.tres.remap[39m[0m
[  98% ] [90m[1msavepack[22m | Storing File: res://data/knight_combo_motion.tres.remap[39m[0m
[  98% ] [90m[1msavepack[22m | Storing File: res://data/knight_idle_frames.tres.remap[39m[0m
[  98% ] [90m[1msavepack[22m | Storing File: res://data/knight_motion_frames.tres.remap[39m[0m
[  98% ] [90m[1msavepack[22m | Storing File: res://data/refuge.tres.remap[39m[0m
[  98% ] [90m[1msavepack[22m | Storing File: res://data/refuge_art.tres.remap[39m[0m
[  98% ] [90m[1msavepack[22m | Storing File: res://data/refuge_tuning.gd.remap[39m[0m
[  98% ] [90m[1msavepack[22m | Storing File: res://data/sentinel.tres.remap[39m[0m
[  98% ] [90m[1msavepack[22m | Storing File: res://data/sentinel_animation_frames.tres.remap[39m[0m
[  98% ] [90m[1msavepack[22m | Storing File: res://data/settlement.tres.remap[39m[0m
[  98% ] [90m[1msavepack[22m | Storing File: res://data/settlement_tuning.gd.remap[39m[0m
[  98% ] [90m[1msavepack[22m | Storing File: res://presentation/rift_visual.gd.remap[39m[0m
[  98% ] [90m[1msavepack[22m | Storing File: res://presentation/refuge_scenery.gd.remap[39m[0m
[  98% ] [90m[1msavepack[22m | Storing File: res://presentation/resident_motion.gd.remap[39m[0m
[  98% ] [90m[1msavepack[22m | Storing File: res://presentation/refuge_panel.gd.remap[39m[0m
[  98% ] [90m[1msavepack[22m | Storing File: res://presentation/refuge_residents.gd.remap[39m[0m
[  98% ] [90m[1msavepack[22m | Storing File: res://infrastructure/json_campaign_store.gd.remap[39m[0m
[  98% ] [90m[1msavepack[22m | Storing File: res://domain/frontier_ecology.gd.remap[39m[0m
[  98% ] [90m[1msavepack[22m | Storing File: res://presentation/knight_visual.gd.remap[39m[0m
[  98% ] [90m[1msavepack[22m | Storing File: res://domain/campaign_mission.gd.remap[39m[0m
[  98% ] [90m[1msavepack[22m | Storing File: res://presentation/frontier_details.gd.remap[39m[0m
[  98% ] [90m[1msavepack[22m | Storing File: res://presentation/input_adapter.gd.remap[39m[0m
[  98% ] [90m[1msavepack[22m | Storing File: res://domain/crystal_allocation.gd.remap[39m[0m
[  98% ] [90m[1msavepack[22m | Storing File: res://presentation/platform_body.gd.remap[39m[0m
[  98% ] [90m[1msavepack[22m | Storing File: res://infrastructure/language_preferences.gd.remap[39m[0m
[  98% ] [90m[1msavepack[22m | Storing File: res://presentation/fighter_visual.gd.remap[39m[0m
[  98% ] [90m[1msavepack[22m | Storing File: res://infrastructure/campaign_catalog.gd.remap[39m[0m
[  98% ] [90m[1msavepack[22m | Storing File: res://presentation/campaign_audio.gd.remap[39m[0m
[  98% ] [90m[1msavepack[22m | Storing File: res://presentation/campaign_guide_view.gd.remap[39m[0m
[  98% ] [90m[1msavepack[22m | Storing File: res://domain/combat_stats.gd.remap[39m[0m
[  98% ] [90m[1msavepack[22m | Storing File: res://presentation/hit_reaction.gd.remap[39m[0m
[  98% ] [90m[1msavepack[22m | Storing File: res://infrastructure/memory_progress_store.gd.remap[39m[0m
[  98% ] [90m[1msavepack[22m | Storing File: res://presentation/icon_dashboard.gd.remap[39m[0m
[  98% ] [90m[1msavepack[22m | Storing File: res://presentation/campaign_hud.gd.remap[39m[0m
[  98% ] [90m[1msavepack[22m | Storing File: res://domain/knight_growth.gd.remap[39m[0m
[  98% ] [90m[1msavepack[22m | Storing File: res://presentation/frontier_hud.gd.remap[39m[0m
[  98% ] [90m[1msavepack[22m | Storing File: res://localization/game_text.gd.remap[39m[0m
[  98% ] [90m[1msavepack[22m | Storing File: res://presentation/campaign_audio_cues.gd.remap[39m[0m
[  98% ] [90m[1msavepack[22m | Storing File: res://presentation/localized_font.gd.remap[39m[0m
[  98% ] [90m[1msavepack[22m | Storing File: res://domain/frontier_defenses.gd.remap[39m[0m
[  98% ] [90m[1msavepack[22m | Storing File: res://domain/frontier.gd.remap[39m[0m
[  98% ] [90m[1msavepack[22m | Storing File: res://domain/campaign_clock.gd.remap[39m[0m
[  98% ] [90m[1msavepack[22m | Storing File: res://domain/resident_schedule.gd.remap[39m[0m
[  98% ] [90m[1msavepack[22m | Storing File: res://presentation/language_selector.gd.remap[39m[0m
[  98% ] [90m[1msavepack[22m | Storing File: res://presentation/frontier_controls.gd.remap[39m[0m
[  98% ] [90m[1msavepack[22m | Storing File: res://domain/harvest_node.gd.remap[39m[0m
[  98% ] [90m[1msavepack[22m | Storing File: res://presentation/arena_view.gd.remap[39m[0m
[  98% ] [90m[1msavepack[22m | Storing File: res://domain/settlement.gd.remap[39m[0m
[  98% ] [90m[1msavepack[22m | Storing File: res://presentation/campaign_hit_feedback.gd.remap[39m[0m
[  98% ] [90m[1msavepack[22m | Storing File: res://presentation/campaign_options.gd.remap[39m[0m
[  98% ] [90m[1msavepack[22m | Storing File: res://domain/crystal_pouch.gd.remap[39m[0m
[  98% ] [90m[1msavepack[22m | Storing File: res://domain/resident_roaming.gd.remap[39m[0m
[  98% ] [90m[1msavepack[22m | Storing File: res://presentation/campaign_view.gd.remap[39m[0m
[  98% ] [90m[1msavepack[22m | Storing File: res://presentation/frontier_view.gd.remap[39m[0m
[  98% ] [90m[1msavepack[22m | Storing File: res://presentation/campaign_layout.gd.remap[39m[0m
[  98% ] [90m[1msavepack[22m | Storing File: res://presentation/actor_body.gd.remap[39m[0m
[  98% ] [90m[1msavepack[22m | Storing File: res://infrastructure/audio_preferences.gd.remap[39m[0m
[  98% ] [90m[1msavepack[22m | Storing File: res://presentation/ambient_motion.gd.remap[39m[0m
[  98% ] [90m[1msavepack[22m | Storing File: res://infrastructure/json_progress_store.gd.remap[39m[0m
[  98% ] [90m[1msavepack[22m | Storing File: res://domain/combatant.gd.remap[39m[0m
[  98% ] [90m[1msavepack[22m | Storing File: res://presentation/impact_view.gd.remap[39m[0m
[  98% ] [90m[1msavepack[22m | Storing File: res://.godot/global_script_class_cache.cfg[39m[0m
[  98% ] [90m[1msavepack[22m | Storing File: res://art/ui/app-icon.svg[39m[0m
[  98% ] [90m[1msavepack[22m | Storing File: res://.godot/uid_cache.bin[39m[0m
[  98% ] [90m[1msavepack[22m | Storing File: res://project.binary[39m[0m
[92m[ DONE ][39m [1msavepack[22m
[0m
